Archive member included to satisfy reference by file (symbol)

../Lib/libarm_cortexM4lf_math.a(arm_sin_f32.o)
                              ./Src/main.o (arm_sin_f32)
../Lib/libarm_cortexM4lf_math.a(arm_common_tables.o)
                              ../Lib/libarm_cortexM4lf_math.a(arm_sin_f32.o) (sinTable_f32)
/Applications/STM32CubeIDE.app/Contents/Eclipse/plugins/com.st.stm32cube.ide.mcu.externaltools.gnu-tools-for-stm32.10.3-2021.10.macos64_1.0.0.202111181127/tools/bin/../lib/gcc/arm-none-eabi/10.3.1/../../../../arm-none-eabi/lib/thumb/v7e-m+fp/hard/libc_nano.a(lib_a-errno.o)
                              ./Src/syscalls.o (__errno)
/Applications/STM32CubeIDE.app/Contents/Eclipse/plugins/com.st.stm32cube.ide.mcu.externaltools.gnu-tools-for-stm32.10.3-2021.10.macos64_1.0.0.202111181127/tools/bin/../lib/gcc/arm-none-eabi/10.3.1/../../../../arm-none-eabi/lib/thumb/v7e-m+fp/hard/libc_nano.a(lib_a-exit.o)
                              /Applications/STM32CubeIDE.app/Contents/Eclipse/plugins/com.st.stm32cube.ide.mcu.externaltools.gnu-tools-for-stm32.10.3-2021.10.macos64_1.0.0.202111181127/tools/bin/../lib/gcc/arm-none-eabi/10.3.1/../../../../arm-none-eabi/lib/thumb/v7e-m+fp/hard/crt0.o (exit)
/Applications/STM32CubeIDE.app/Contents/Eclipse/plugins/com.st.stm32cube.ide.mcu.externaltools.gnu-tools-for-stm32.10.3-2021.10.macos64_1.0.0.202111181127/tools/bin/../lib/gcc/arm-none-eabi/10.3.1/../../../../arm-none-eabi/lib/thumb/v7e-m+fp/hard/libc_nano.a(lib_a-impure.o)
                              /Applications/STM32CubeIDE.app/Contents/Eclipse/plugins/com.st.stm32cube.ide.mcu.externaltools.gnu-tools-for-stm32.10.3-2021.10.macos64_1.0.0.202111181127/tools/bin/../lib/gcc/arm-none-eabi/10.3.1/../../../../arm-none-eabi/lib/thumb/v7e-m+fp/hard/libc_nano.a(lib_a-exit.o) (_global_impure_ptr)
/Applications/STM32CubeIDE.app/Contents/Eclipse/plugins/com.st.stm32cube.ide.mcu.externaltools.gnu-tools-for-stm32.10.3-2021.10.macos64_1.0.0.202111181127/tools/bin/../lib/gcc/arm-none-eabi/10.3.1/../../../../arm-none-eabi/lib/thumb/v7e-m+fp/hard/libc_nano.a(lib_a-init.o)
                              /Applications/STM32CubeIDE.app/Contents/Eclipse/plugins/com.st.stm32cube.ide.mcu.externaltools.gnu-tools-for-stm32.10.3-2021.10.macos64_1.0.0.202111181127/tools/bin/../lib/gcc/arm-none-eabi/10.3.1/../../../../arm-none-eabi/lib/thumb/v7e-m+fp/hard/crt0.o (__libc_init_array)
/Applications/STM32CubeIDE.app/Contents/Eclipse/plugins/com.st.stm32cube.ide.mcu.externaltools.gnu-tools-for-stm32.10.3-2021.10.macos64_1.0.0.202111181127/tools/bin/../lib/gcc/arm-none-eabi/10.3.1/../../../../arm-none-eabi/lib/thumb/v7e-m+fp/hard/libc_nano.a(lib_a-itoa.o)
                              ./Src/testFunctionalities.o (itoa)
/Applications/STM32CubeIDE.app/Contents/Eclipse/plugins/com.st.stm32cube.ide.mcu.externaltools.gnu-tools-for-stm32.10.3-2021.10.macos64_1.0.0.202111181127/tools/bin/../lib/gcc/arm-none-eabi/10.3.1/../../../../arm-none-eabi/lib/thumb/v7e-m+fp/hard/libc_nano.a(lib_a-memset.o)
                              /Applications/STM32CubeIDE.app/Contents/Eclipse/plugins/com.st.stm32cube.ide.mcu.externaltools.gnu-tools-for-stm32.10.3-2021.10.macos64_1.0.0.202111181127/tools/bin/../lib/gcc/arm-none-eabi/10.3.1/../../../../arm-none-eabi/lib/thumb/v7e-m+fp/hard/crt0.o (memset)
/Applications/STM32CubeIDE.app/Contents/Eclipse/plugins/com.st.stm32cube.ide.mcu.externaltools.gnu-tools-for-stm32.10.3-2021.10.macos64_1.0.0.202111181127/tools/bin/../lib/gcc/arm-none-eabi/10.3.1/../../../../arm-none-eabi/lib/thumb/v7e-m+fp/hard/libc_nano.a(lib_a-strlen.o)
                              ./Src/fonts.o (strlen)
/Applications/STM32CubeIDE.app/Contents/Eclipse/plugins/com.st.stm32cube.ide.mcu.externaltools.gnu-tools-for-stm32.10.3-2021.10.macos64_1.0.0.202111181127/tools/bin/../lib/gcc/arm-none-eabi/10.3.1/../../../../arm-none-eabi/lib/thumb/v7e-m+fp/hard/libc_nano.a(lib_a-utoa.o)
                              /Applications/STM32CubeIDE.app/Contents/Eclipse/plugins/com.st.stm32cube.ide.mcu.externaltools.gnu-tools-for-stm32.10.3-2021.10.macos64_1.0.0.202111181127/tools/bin/../lib/gcc/arm-none-eabi/10.3.1/../../../../arm-none-eabi/lib/thumb/v7e-m+fp/hard/libc_nano.a(lib_a-itoa.o) (__utoa)

Discarded input sections

 .text          0x0000000000000000        0x0 /Applications/STM32CubeIDE.app/Contents/Eclipse/plugins/com.st.stm32cube.ide.mcu.externaltools.gnu-tools-for-stm32.10.3-2021.10.macos64_1.0.0.202111181127/tools/bin/../lib/gcc/arm-none-eabi/10.3.1/thumb/v7e-m+fp/hard/crti.o
 .data          0x0000000000000000        0x0 /Applications/STM32CubeIDE.app/Contents/Eclipse/plugins/com.st.stm32cube.ide.mcu.externaltools.gnu-tools-for-stm32.10.3-2021.10.macos64_1.0.0.202111181127/tools/bin/../lib/gcc/arm-none-eabi/10.3.1/thumb/v7e-m+fp/hard/crti.o
[...]
Memory Configuration

Name             Origin             Length             Attributes
RAM              0x0000000020000000 0x00000000000a0000 xrw
RAM2             0x0000000010000000 0x0000000000010000 xrw
RAM3             0x0000000020040000 0x0000000000060000 xrw
FLASH            0x0000000008000000 0x0000000000200000 xr
*default*        0x0000000000000000 0xffffffffffffffff

Linker script and memory map

LOAD /Applications/STM32CubeIDE.app/Contents/Eclipse/plugins/com.st.stm32cube.ide.mcu.externaltools.gnu-tools-for-stm32.10.3-2021.10.macos64_1.0.0.202111181127/tools/bin/../lib/gcc/arm-none-eabi/10.3.1/thumb/v7e-m+fp/hard/crti.o
LOAD /Applications/STM32CubeIDE.app/Contents/Eclipse/plugins/com.st.stm32cube.ide.mcu.externaltools.gnu-tools-for-stm32.10.3-2021.10.macos64_1.0.0.202111181127/tools/bin/../lib/gcc/arm-none-eabi/10.3.1/thumb/v7e-m+fp/hard/crtbegin.o
LOAD /Applications/STM32CubeIDE.app/Contents/Eclipse/plugins/com.st.stm32cube.ide.mcu.externaltools.gnu-tools-for-stm32.10.3-2021.10.macos64_1.0.0.202111181127/tools/bin/../lib/gcc/arm-none-eabi/10.3.1/../../../../arm-none-eabi/lib/thumb/v7e-m+fp/hard/crt0.o
LOAD ./Drivers/STM32L4xx_HAL_Driver/Src/stm32l4xx_hal.o
LOAD ./Drivers/STM32L4xx_HAL_Driver/Src/stm32l4xx_hal_cortex.o
LOAD ./Drivers/STM32L4xx_HAL_Driver/Src/stm32l4xx_hal_dac.o
LOAD ./Drivers/STM32L4xx_HAL_Driver/Src/stm32l4xx_hal_dac_ex.o
LOAD ./Drivers/STM32L4xx_HAL_Driver/Src/stm32l4xx_hal_dma.o
LOAD ./Drivers/STM32L4xx_HAL_Driver/Src/stm32l4xx_hal_dma_ex.o
LOAD ./Drivers/STM32L4xx_HAL_Driver/Src/stm32l4xx_hal_exti.o
LOAD ./Drivers/STM32L4xx_HAL_Driver/Src/stm32l4xx_hal_flash.o
LOAD ./Drivers/STM32L4xx_HAL_Driver/Src/stm32l4xx_hal_flash_ex.o
LOAD ./Drivers/STM32L4xx_HAL_Driver/Src/stm32l4xx_hal_flash_ramfunc.o
LOAD ./Drivers/STM32L4xx_HAL_Driver/Src/stm32l4xx_hal_gpio.o
LOAD ./Drivers/STM32L4xx_HAL_Driver/Src/stm32l4xx_hal_i2c.o
LOAD ./Drivers/STM32L4xx_HAL_Driver/Src/stm32l4xx_hal_i2c_ex.o
LOAD ./Drivers/STM32L4xx_HAL_Driver/Src/stm32l4xx_hal_ospi.o
LOAD ./Drivers/STM32L4xx_HAL_Driver/Src/stm32l4xx_hal_pwr.o
LOAD ./Drivers/STM32L4xx_HAL_Driver/Src/stm32l4xx_hal_pwr_ex.o
LOAD ./Drivers/STM32L4xx_HAL_Driver/Src/stm32l4xx_hal_rcc.o
LOAD ./Drivers/STM32L4xx_HAL_Driver/Src/stm32l4xx_hal_rcc_ex.o
LOAD ./Drivers/STM32L4xx_HAL_Driver/Src/stm32l4xx_hal_tim.o
LOAD ./Drivers/STM32L4xx_HAL_Driver/Src/stm32l4xx_hal_tim_ex.o
LOAD ./Src/OLEDScreenDriver.o
LOAD ./Src/fonts.o
LOAD ./Src/keypadDriver.o
LOAD ./Src/main.o
LOAD ./Src/ssd1306.o
LOAD ./Src/stm32l4xx_hal_msp.o
LOAD ./Src/stm32l4xx_it.o
LOAD ./Src/syscalls.o
LOAD ./Src/sysmem.o
LOAD ./Src/system_stm32l4xx.o
LOAD ./Src/testFunctionalities.o
LOAD ./Startup/startup_stm32l4s5vitx.o
LOAD ../Lib/libarm_cortexM4lf_math.a
START GROUP
LOAD /Applications/STM32CubeIDE.app/Contents/Eclipse/plugins/com.st.stm32cube.ide.mcu.externaltools.gnu-tools-for-stm32.10.3-2021.10.macos64_1.0.0.202111181127/tools/bin/../lib/gcc/arm-none-eabi/10.3.1/../../../../arm-none-eabi/lib/thumb/v7e-m+fp/hard/libc_nano.a
LOAD /Applications/STM32CubeIDE.app/Contents/Eclipse/plugins/com.st.stm32cube.ide.mcu.externaltools.gnu-tools-for-stm32.10.3-2021.10.macos64_1.0.0.202111181127/tools/bin/../lib/gcc/arm-none-eabi/10.3.1/../../../../arm-none-eabi/lib/thumb/v7e-m+fp/hard/libm.a
END GROUP
START GROUP
LOAD /Applications/STM32CubeIDE.app/Contents/Eclipse/plugins/com.st.stm32cube.ide.mcu.externaltools.gnu-tools-for-stm32.10.3-2021.10.macos64_1.0.0.202111181127/tools/bin/../lib/gcc/arm-none-eabi/10.3.1/thumb/v7e-m+fp/hard/libgcc.a
LOAD /Applications/STM32CubeIDE.app/Contents/Eclipse/plugins/com.st.stm32cube.ide.mcu.externaltools.gnu-tools-for-stm32.10.3-2021.10.macos64_1.0.0.202111181127/tools/bin/../lib/gcc/arm-none-eabi/10.3.1/../../../../arm-none-eabi/lib/thumb/v7e-m+fp/hard/libc_nano.a
END GROUP
START GROUP
LOAD /Applications/STM32CubeIDE.app/Contents/Eclipse/plugins/com.st.stm32cube.ide.mcu.externaltools.gnu-tools-for-stm32.10.3-2021.10.macos64_1.0.0.202111181127/tools/bin/../lib/gcc/arm-none-eabi/10.3.1/thumb/v7e-m+fp/hard/libgcc.a
LOAD /Applications/STM32CubeIDE.app/Contents/Eclipse/plugins/com.st.stm32cube.ide.mcu.externaltools.gnu-tools-for-stm32.10.3-2021.10.macos64_1.0.0.202111181127/tools/bin/../lib/gcc/arm-none-eabi/10.3.1/../../../../arm-none-eabi/lib/thumb/v7e-m+fp/hard/libc_nano.a
LOAD /Applications/STM32CubeIDE.app/Contents/Eclipse/plugins/com.st.stm32cube.ide.mcu.externaltools.gnu-tools-for-stm32.10.3-2021.10.macos64_1.0.0.202111181127/tools/bin/../lib/gcc/arm-none-eabi/10.3.1/../../../../arm-none-eabi/lib/thumb/v7e-m+fp/hard/libnosys.a
END GROUP
START GROUP
LOAD /Applications/STM32CubeIDE.app/Contents/Eclipse/plugins/com.st.stm32cube.ide.mcu.externaltools.gnu-tools-for-stm32.10.3-2021.10.macos64_1.0.0.202111181127/tools/bin/../lib/gcc/arm-none-eabi/10.3.1/thumb/v7e-m+fp/hard/libgcc.a
LOAD /Applications/STM32CubeIDE.app/Contents/Eclipse/plugins/com.st.stm32cube.ide.mcu.externaltools.gnu-tools-for-stm32.10.3-2021.10.macos64_1.0.0.202111181127/tools/bin/../lib/gcc/arm-none-eabi/10.3.1/../../../../arm-none-eabi/lib/thumb/v7e-m+fp/hard/libc_nano.a
LOAD /Applications/STM32CubeIDE.app/Contents/Eclipse/plugins/com.st.stm32cube.ide.mcu.externaltools.gnu-tools-for-stm32.10.3-2021.10.macos64_1.0.0.202111181127/tools/bin/../lib/gcc/arm-none-eabi/10.3.1/../../../../arm-none-eabi/lib/thumb/v7e-m+fp/hard/libnosys.a
END GROUP
LOAD /Applications/STM32CubeIDE.app/Contents/Eclipse/plugins/com.st.stm32cube.ide.mcu.externaltools.gnu-tools-for-stm32.10.3-2021.10.macos64_1.0.0.202111181127/tools/bin/../lib/gcc/arm-none-eabi/10.3.1/thumb/v7e-m+fp/hard/crtend.o
LOAD /Applications/STM32CubeIDE.app/Contents/Eclipse/plugins/com.st.stm32cube.ide.mcu.externaltools.gnu-tools-for-stm32.10.3-2021.10.macos64_1.0.0.202111181127/tools/bin/../lib/gcc/arm-none-eabi/10.3.1/thumb/v7e-m+fp/hard/crtn.o
                0x00000000200a0000                _estack = (ORIGIN (RAM) + LENGTH (RAM))
                0x0000000000000200                _Min_Heap_Size = 0x200
                0x0000000000000400                _Min_Stack_Size = 0x400

.isr_vector     0x0000000008000000      0x1bc
                0x0000000008000000                . = ALIGN (0x4)
 *(.isr_vector)
 .isr_vector    0x0000000008000000      0x1bc ./Startup/startup_stm32l4s5vitx.o
                0x0000000008000000                g_pfnVectors
                0x00000000080001bc                . = ALIGN (0x4)

.text           0x00000000080001bc     0x5d64
                0x00000000080001bc                . = ALIGN (0x4)
 *(.text)
 .text          0x00000000080001bc       0x40 /Applications/STM32CubeIDE.app/Contents/Eclipse/plugins/com.st.stm32cube.ide.mcu.externaltools.gnu-tools-for-stm32.10.3-2021.10.macos64_1.0.0.202111181127/tools/bin/../lib/gcc/arm-none-eabi/10.3.1/thumb/v7e-m+fp/hard/crtbegin.o
 *(.text*)
 .text.HAL_Init
                0x00000000080001fc       0x30 ./Drivers/STM32L4xx_HAL_Driver/Src/stm32l4xx_hal.o
                0x00000000080001fc                HAL_Init
 .text.HAL_InitTick
                0x000000000800022c       0x78 ./Drivers/STM32L4xx_HAL_Driver/Src/stm32l4xx_hal.o
                0x000000000800022c                HAL_InitTick
 .text.HAL_IncTick
                0x00000000080002a4       0x28 ./Drivers/STM32L4xx_HAL_Driver/Src/stm32l4xx_hal.o
                0x00000000080002a4                HAL_IncTick
 .text.HAL_GetTick
                0x00000000080002cc       0x18 ./Drivers/STM32L4xx_HAL_Driver/Src/stm32l4xx_hal.o
                0x00000000080002cc                HAL_GetTick
 .text.HAL_Delay
                0x00000000080002e4       0x48 ./Drivers/STM32L4xx_HAL_Driver/Src/stm32l4xx_hal.o
                0x00000000080002e4                HAL_Delay
 .text.__NVIC_SetPriorityGrouping
                0x000000000800032c       0x48 ./Drivers/STM32L4xx_HAL_Driver/Src/stm32l4xx_hal_cortex.o
 .text.__NVIC_GetPriorityGrouping
                0x0000000008000374       0x1c ./Drivers/STM32L4xx_HAL_Driver/Src/stm32l4xx_hal_cortex.o
 .text.__NVIC_EnableIRQ
                0x0000000008000390       0x3c ./Drivers/STM32L4xx_HAL_Driver/Src/stm32l4xx_hal_cortex.o
 .text.__NVIC_SetPriority
                0x00000000080003cc       0x54 ./Drivers/STM32L4xx_HAL_Driver/Src/stm32l4xx_hal_cortex.o
 .text.NVIC_EncodePriority
                0x0000000008000420       0x66 ./Drivers/STM32L4xx_HAL_Driver/Src/stm32l4xx_hal_cortex.o
 *fill*         0x0000000008000486        0x2 
 .text.SysTick_Config
                0x0000000008000488       0x44 ./Drivers/STM32L4xx_HAL_Driver/Src/stm32l4xx_hal_cortex.o
 .text.HAL_NVIC_SetPriorityGrouping
                0x00000000080004cc       0x16 ./Drivers/STM32L4xx_HAL_Driver/Src/stm32l4xx_hal_cortex.o
                0x00000000080004cc                HAL_NVIC_SetPriorityGrouping
 .text.HAL_NVIC_SetPriority
                0x00000000080004e2       0x38 ./Drivers/STM32L4xx_HAL_Driver/Src/stm32l4xx_hal_cortex.o
                0x00000000080004e2                HAL_NVIC_SetPriority
 .text.HAL_NVIC_EnableIRQ
                0x000000000800051a       0x1c ./Drivers/STM32L4xx_HAL_Driver/Src/stm32l4xx_hal_cortex.o
                0x000000000800051a                HAL_NVIC_EnableIRQ
 .text.HAL_SYSTICK_Config
                0x0000000008000536       0x18 ./Drivers/STM32L4xx_HAL_Driver/Src/stm32l4xx_hal_cortex.o
                0x0000000008000536                HAL_SYSTICK_Config
 .text.HAL_DAC_Init
                0x000000000800054e       0x44 ./Drivers/STM32L4xx_HAL_Driver/Src/stm32l4xx_hal_dac.o
                0x000000000800054e                HAL_DAC_Init
 *fill*         0x0000000008000592        0x2 
 .text.HAL_DAC_Start_DMA
                0x0000000008000594      0x198 ./Drivers/STM32L4xx_HAL_Driver/Src/stm32l4xx_hal_dac.o
                0x0000000008000594                HAL_DAC_Start_DMA
 .text.HAL_DAC_ConvCpltCallbackCh1
                0x000000000800072c       0x14 ./Drivers/STM32L4xx_HAL_Driver/Src/stm32l4xx_hal_dac.o
                0x000000000800072c                HAL_DAC_ConvCpltCallbackCh1
 .text.HAL_DAC_ConvHalfCpltCallbackCh1
                0x0000000008000740       0x14 ./Drivers/STM32L4xx_HAL_Driver/Src/stm32l4xx_hal_dac.o
                0x0000000008000740                HAL_DAC_ConvHalfCpltCallbackCh1
 .text.HAL_DAC_ErrorCallbackCh1
                0x0000000008000754       0x14 ./Drivers/STM32L4xx_HAL_Driver/Src/stm32l4xx_hal_dac.o
                0x0000000008000754                HAL_DAC_ErrorCallbackCh1
 .text.HAL_DAC_ConfigChannel
                0x0000000008000768      0x280 ./Drivers/STM32L4xx_HAL_Driver/Src/stm32l4xx_hal_dac.o
                0x0000000008000768                HAL_DAC_ConfigChannel
 .text.DAC_DMAConvCpltCh1
                0x00000000080009e8       0x22 ./Drivers/STM32L4xx_HAL_Driver/Src/stm32l4xx_hal_dac.o
                0x00000000080009e8                DAC_DMAConvCpltCh1
 .text.DAC_DMAHalfConvCpltCh1
                0x0000000008000a0a       0x1c ./Drivers/STM32L4xx_HAL_Driver/Src/stm32l4xx_hal_dac.o
                0x0000000008000a0a                DAC_DMAHalfConvCpltCh1
 .text.DAC_DMAErrorCh1
                0x0000000008000a26       0x2e ./Drivers/STM32L4xx_HAL_Driver/Src/stm32l4xx_hal_dac.o
                0x0000000008000a26                DAC_DMAErrorCh1
 .text.HAL_DACEx_ConvCpltCallbackCh2
                0x0000000008000a54       0x14 ./Drivers/STM32L4xx_HAL_Driver/Src/stm32l4xx_hal_dac_ex.o
                0x0000000008000a54                HAL_DACEx_ConvCpltCallbackCh2
 .text.HAL_DACEx_ConvHalfCpltCallbackCh2
                0x0000000008000a68       0x14 ./Drivers/STM32L4xx_HAL_Driver/Src/stm32l4xx_hal_dac_ex.o
                0x0000000008000a68                HAL_DACEx_ConvHalfCpltCallbackCh2
 .text.HAL_DACEx_ErrorCallbackCh2
                0x0000000008000a7c       0x14 ./Drivers/STM32L4xx_HAL_Driver/Src/stm32l4xx_hal_dac_ex.o
                0x0000000008000a7c                HAL_DACEx_ErrorCallbackCh2
 .text.DAC_DMAConvCpltCh2
                0x0000000008000a90       0x22 ./Drivers/STM32L4xx_HAL_Driver/Src/stm32l4xx_hal_dac_ex.o
                0x0000000008000a90                DAC_DMAConvCpltCh2
 .text.DAC_DMAHalfConvCpltCh2
                0x0000000008000ab2       0x1c ./Drivers/STM32L4xx_HAL_Driver/Src/stm32l4xx_hal_dac_ex.o
                0x0000000008000ab2                DAC_DMAHalfConvCpltCh2
 .text.DAC_DMAErrorCh2
                0x0000000008000ace       0x2e ./Drivers/STM32L4xx_HAL_Driver/Src/stm32l4xx_hal_dac_ex.o
                0x0000000008000ace                DAC_DMAErrorCh2
 .text.HAL_DMA_Init
                0x0000000008000afc      0x150 ./Drivers/STM32L4xx_HAL_Driver/Src/stm32l4xx_hal_dma.o
                0x0000000008000afc                HAL_DMA_Init
 .text.HAL_DMA_Start_IT
                0x0000000008000c4c       0xf6 ./Drivers/STM32L4xx_HAL_Driver/Src/stm32l4xx_hal_dma.o
                0x0000000008000c4c                HAL_DMA_Start_IT
 .text.HAL_DMA_IRQHandler
                0x0000000008000d42      0x15e ./Drivers/STM32L4xx_HAL_Driver/Src/stm32l4xx_hal_dma.o
                0x0000000008000d42                HAL_DMA_IRQHandler
 .text.DMA_SetConfig
                0x0000000008000ea0       0x7c ./Drivers/STM32L4xx_HAL_Driver/Src/stm32l4xx_hal_dma.o
 .text.DMA_CalcDMAMUXChannelBaseAndMask
                0x0000000008000f1c       0x7c ./Drivers/STM32L4xx_HAL_Driver/Src/stm32l4xx_hal_dma.o
 .text.DMA_CalcDMAMUXRequestGenBaseAndMask
                0x0000000008000f98       0x48 ./Drivers/STM32L4xx_HAL_Driver/Src/stm32l4xx_hal_dma.o
 .text.HAL_GPIO_Init
                0x0000000008000fe0      0x324 ./Drivers/STM32L4xx_HAL_Driver/Src/stm32l4xx_hal_gpio.o
                0x0000000008000fe0                HAL_GPIO_Init
 .text.HAL_GPIO_ReadPin
                0x0000000008001304       0x30 ./Drivers/STM32L4xx_HAL_Driver/Src/stm32l4xx_hal_gpio.o
                0x0000000008001304                HAL_GPIO_ReadPin
 .text.HAL_GPIO_WritePin
                0x0000000008001334       0x30 ./Drivers/STM32L4xx_HAL_Driver/Src/stm32l4xx_hal_gpio.o
                0x0000000008001334                HAL_GPIO_WritePin
 .text.HAL_GPIO_EXTI_IRQHandler
                0x0000000008001364       0x30 ./Drivers/STM32L4xx_HAL_Driver/Src/stm32l4xx_hal_gpio.o
                0x0000000008001364                HAL_GPIO_EXTI_IRQHandler
 .text.HAL_GPIO_EXTI_Callback
                0x0000000008001394       0x16 ./Drivers/STM32L4xx_HAL_Driver/Src/stm32l4xx_hal_gpio.o
                0x0000000008001394                HAL_GPIO_EXTI_Callback
 .text.HAL_I2C_Init
                0x00000000080013aa      0x11e ./Drivers/STM32L4xx_HAL_Driver/Src/stm32l4xx_hal_i2c.o
                0x00000000080013aa                HAL_I2C_Init
 .text.HAL_I2C_Master_Transmit
                0x00000000080014c8      0x1e8 ./Drivers/STM32L4xx_HAL_Driver/Src/stm32l4xx_hal_i2c.o
                0x00000000080014c8                HAL_I2C_Master_Transmit
 .text.HAL_I2C_IsDeviceReady
                0x00000000080016b0      0x20e ./Drivers/STM32L4xx_HAL_Driver/Src/stm32l4xx_hal_i2c.o
                0x00000000080016b0                HAL_I2C_IsDeviceReady
 .text.I2C_Flush_TXDR
                0x00000000080018be       0x48 ./Drivers/STM32L4xx_HAL_Driver/Src/stm32l4xx_hal_i2c.o
 .text.I2C_WaitOnFlagUntilTimeout
                0x0000000008001906       0x80 ./Drivers/STM32L4xx_HAL_Driver/Src/stm32l4xx_hal_i2c.o
 .text.I2C_WaitOnTXISFlagUntilTimeout
                0x0000000008001986       0x80 ./Drivers/STM32L4xx_HAL_Driver/Src/stm32l4xx_hal_i2c.o
 .text.I2C_WaitOnSTOPFlagUntilTimeout
                0x0000000008001a06       0x78 ./Drivers/STM32L4xx_HAL_Driver/Src/stm32l4xx_hal_i2c.o
 *fill*         0x0000000008001a7e        0x2 
 .text.I2C_IsErrorOccurred
                0x0000000008001a80      0x1d8 ./Drivers/STM32L4xx_HAL_Driver/Src/stm32l4xx_hal_i2c.o
 .text.I2C_TransferConfig
                0x0000000008001c58       0x64 ./Drivers/STM32L4xx_HAL_Driver/Src/stm32l4xx_hal_i2c.o
 .text.HAL_I2CEx_ConfigAnalogFilter
                0x0000000008001cbc       0x96 ./Drivers/STM32L4xx_HAL_Driver/Src/stm32l4xx_hal_i2c_ex.o
                0x0000000008001cbc                HAL_I2CEx_ConfigAnalogFilter
 .text.HAL_I2CEx_ConfigDigitalFilter
                0x0000000008001d52       0x98 ./Drivers/STM32L4xx_HAL_Driver/Src/stm32l4xx_hal_i2c_ex.o
                0x0000000008001d52                HAL_I2CEx_ConfigDigitalFilter
 *fill*         0x0000000008001dea        0x2 
 .text.HAL_OSPI_Init
                0x0000000008001dec      0x154 ./Drivers/STM32L4xx_HAL_Driver/Src/stm32l4xx_hal_ospi.o
                0x0000000008001dec                HAL_OSPI_Init
 .text.HAL_OSPI_SetTimeout
                0x0000000008001f40       0x1e ./Drivers/STM32L4xx_HAL_Driver/Src/stm32l4xx_hal_ospi.o
                0x0000000008001f40                HAL_OSPI_SetTimeout
 *fill*         0x0000000008001f5e        0x2 
 .text.HAL_OSPIM_Config
                0x0000000008001f60      0x668 ./Drivers/STM32L4xx_HAL_Driver/Src/stm32l4xx_hal_ospi.o
                0x0000000008001f60                HAL_OSPIM_Config
 .text.OSPI_WaitFlagStateUntilTimeout
                0x00000000080025c8       0x6e ./Drivers/STM32L4xx_HAL_Driver/Src/stm32l4xx_hal_ospi.o
 *fill*         0x0000000008002636        0x2 
 .text.OSPIM_GetConfig
                0x0000000008002638      0x160 ./Drivers/STM32L4xx_HAL_Driver/Src/stm32l4xx_hal_ospi.o
 .text.HAL_PWREx_GetVoltageRange
                0x0000000008002798       0x40 ./Drivers/STM32L4xx_HAL_Driver/Src/stm32l4xx_hal_pwr_ex.o
                0x0000000008002798                HAL_PWREx_GetVoltageRange
 .text.HAL_PWREx_ControlVoltageScaling
                0x00000000080027d8      0x148 ./Drivers/STM32L4xx_HAL_Driver/Src/stm32l4xx_hal_pwr_ex.o
                0x00000000080027d8                HAL_PWREx_ControlVoltageScaling
 .text.HAL_RCC_OscConfig
                0x0000000008002920      0x834 ./Drivers/STM32L4xx_HAL_Driver/Src/stm32l4xx_hal_rcc.o
                0x0000000008002920                HAL_RCC_OscConfig
 .text.HAL_RCC_ClockConfig
                0x0000000008003154      0x274 ./Drivers/STM32L4xx_HAL_Driver/Src/stm32l4xx_hal_rcc.o
                0x0000000008003154                HAL_RCC_ClockConfig
 .text.HAL_RCC_GetSysClockFreq
                0x00000000080033c8      0x118 ./Drivers/STM32L4xx_HAL_Driver/Src/stm32l4xx_hal_rcc.o
                0x00000000080033c8                HAL_RCC_GetSysClockFreq
 .text.HAL_RCC_GetHCLKFreq
                0x00000000080034e0       0x18 ./Drivers/STM32L4xx_HAL_Driver/Src/stm32l4xx_hal_rcc.o
                0x00000000080034e0                HAL_RCC_GetHCLKFreq
 .text.RCC_SetFlashLatencyFromMSIRange
                0x00000000080034f8       0xb4 ./Drivers/STM32L4xx_HAL_Driver/Src/stm32l4xx_hal_rcc.o
 .text.RCC_GetSysClockFreqFromPLLSource
                0x00000000080035ac       0xcc ./Drivers/STM32L4xx_HAL_Driver/Src/stm32l4xx_hal_rcc.o
 .text.HAL_RCCEx_PeriphCLKConfig
                0x0000000008003678      0x660 ./Drivers/STM32L4xx_HAL_Driver/Src/stm32l4xx_hal_rcc_ex.o
                0x0000000008003678                HAL_RCCEx_PeriphCLKConfig
 .text.RCCEx_PLLSAI1_Config
                0x0000000008003cd8      0x1e8 ./Drivers/STM32L4xx_HAL_Driver/Src/stm32l4xx_hal_rcc_ex.o
 .text.RCCEx_PLLSAI2_Config
                0x0000000008003ec0      0x1e8 ./Drivers/STM32L4xx_HAL_Driver/Src/stm32l4xx_hal_rcc_ex.o
 .text.HAL_TIM_Base_Init
                0x00000000080040a8       0xae ./Drivers/STM32L4xx_HAL_Driver/Src/stm32l4xx_hal_tim.o
                0x00000000080040a8                HAL_TIM_Base_Init
 *fill*         0x0000000008004156        0x2 
 .text.HAL_TIM_Base_Start_IT
                0x0000000008004158       0xe0 ./Drivers/STM32L4xx_HAL_Driver/Src/stm32l4xx_hal_tim.o
                0x0000000008004158                HAL_TIM_Base_Start_IT
 .text.HAL_TIM_IRQHandler
                0x0000000008004238      0x23e ./Drivers/STM32L4xx_HAL_Driver/Src/stm32l4xx_hal_tim.o
                0x0000000008004238                HAL_TIM_IRQHandler
 .text.HAL_TIM_ConfigClockSource
                0x0000000008004476      0x192 ./Drivers/STM32L4xx_HAL_Driver/Src/stm32l4xx_hal_tim.o
                0x0000000008004476                HAL_TIM_ConfigClockSource
 .text.HAL_TIM_PeriodElapsedCallback
                0x0000000008004608       0x14 ./Drivers/STM32L4xx_HAL_Driver/Src/stm32l4xx_hal_tim.o
                0x0000000008004608                HAL_TIM_PeriodElapsedCallback
 .text.HAL_TIM_OC_DelayElapsedCallback
                0x000000000800461c       0x14 ./Drivers/STM32L4xx_HAL_Driver/Src/stm32l4xx_hal_tim.o
                0x000000000800461c                HAL_TIM_OC_DelayElapsedCallback
 .text.HAL_TIM_IC_CaptureCallback
                0x0000000008004630       0x14 ./Drivers/STM32L4xx_HAL_Driver/Src/stm32l4xx_hal_tim.o
                0x0000000008004630                HAL_TIM_IC_CaptureCallback
 .text.HAL_TIM_PWM_PulseFinishedCallback
                0x0000000008004644       0x14 ./Drivers/STM32L4xx_HAL_Driver/Src/stm32l4xx_hal_tim.o
                0x0000000008004644                HAL_TIM_PWM_PulseFinishedCallback
 .text.HAL_TIM_TriggerCallback
                0x0000000008004658       0x14 ./Drivers/STM32L4xx_HAL_Driver/Src/stm32l4xx_hal_tim.o
                0x0000000008004658                HAL_TIM_TriggerCallback
 .text.TIM_Base_SetConfig
                0x000000000800466c      0x134 ./Drivers/STM32L4xx_HAL_Driver/Src/stm32l4xx_hal_tim.o
                0x000000000800466c                TIM_Base_SetConfig
 .text.TIM_TI1_ConfigInputStage
                0x00000000080047a0       0x5e ./Drivers/STM32L4xx_HAL_Driver/Src/stm32l4xx_hal_tim.o
 .text.TIM_TI2_ConfigInputStage
                0x00000000080047fe       0x60 ./Drivers/STM32L4xx_HAL_Driver/Src/stm32l4xx_hal_tim.o
 .text.TIM_ITRx_SetConfig
                0x000000000800485e       0x36 ./Drivers/STM32L4xx_HAL_Driver/Src/stm32l4xx_hal_tim.o
 .text.TIM_ETR_SetConfig
                0x0000000008004894       0x40 ./Drivers/STM32L4xx_HAL_Driver/Src/stm32l4xx_hal_tim.o
                0x0000000008004894                TIM_ETR_SetConfig
 .text.HAL_TIMEx_MasterConfigSynchronization
                0x00000000080048d4      0x110 ./Drivers/STM32L4xx_HAL_Driver/Src/stm32l4xx_hal_tim_ex.o
                0x00000000080048d4                HAL_TIMEx_MasterConfigSynchronization
 .text.HAL_TIMEx_CommutCallback
                0x00000000080049e4       0x14 ./Drivers/STM32L4xx_HAL_Driver/Src/stm32l4xx_hal_tim_ex.o
                0x00000000080049e4                HAL_TIMEx_CommutCallback
 .text.HAL_TIMEx_BreakCallback
                0x00000000080049f8       0x14 ./Drivers/STM32L4xx_HAL_Driver/Src/stm32l4xx_hal_tim_ex.o
                0x00000000080049f8                HAL_TIMEx_BreakCallback
 .text.HAL_TIMEx_Break2Callback
                0x0000000008004a0c       0x14 ./Drivers/STM32L4xx_HAL_Driver/Src/stm32l4xx_hal_tim_ex.o
                0x0000000008004a0c                HAL_TIMEx_Break2Callback
 .text.clearScreen
                0x0000000008004a20       0x18 ./Src/OLEDScreenDriver.o
                0x0000000008004a20                clearScreen
 .text.printToScreen
                0x0000000008004a38       0x4c ./Src/OLEDScreenDriver.o
                0x0000000008004a38                printToScreen
 .text.InitScreen
                0x0000000008004a84       0x20 ./Src/OLEDScreenDriver.o
                0x0000000008004a84                InitScreen
 .text.IniteKeypad
                0x0000000008004aa4       0x3c ./Src/keypadDriver.o
                0x0000000008004aa4                IniteKeypad
 .text.getOneCharFromKeypad
                0x0000000008004ae0      0x218 ./Src/keypadDriver.o
                0x0000000008004ae0                getOneCharFromKeypad
 .text.generate_ringtone
                0x0000000008004cf8      0x1a4 ./Src/main.o
                0x0000000008004cf8                generate_ringtone
 .text.play_ringtone
                0x0000000008004e9c       0x28 ./Src/main.o
                0x0000000008004e9c                play_ringtone
 .text.main     0x0000000008004ec4       0x48 ./Src/main.o
                0x0000000008004ec4                main
 .text.SystemClock_Config
                0x0000000008004f0c       0xa4 ./Src/main.o
                0x0000000008004f0c                SystemClock_Config
 .text.MX_DAC1_Init
                0x0000000008004fb0       0x68 ./Src/main.o
 .text.MX_I2C1_Init
                0x0000000008005018       0x80 ./Src/main.o
 .text.MX_OCTOSPI1_Init
                0x0000000008005098       0xac ./Src/main.o
 .text.MX_TIM2_Init
                0x0000000008005144       0x9c ./Src/main.o
 .text.MX_TIM3_Init
                0x00000000080051e0       0x9c ./Src/main.o
 .text.MX_DMA_Init
                0x000000000800527c       0x54 ./Src/main.o
 .text.MX_GPIO_Init
                0x00000000080052d0      0x140 ./Src/main.o
 .text.Error_Handler
                0x0000000008005410        0xa ./Src/main.o
                0x0000000008005410                Error_Handler
 *fill*         0x000000000800541a        0x2 
 .text.SSD1306_Init
                0x000000000800541c      0x188 ./Src/ssd1306.o
                0x000000000800541c                SSD1306_Init
 .text.SSD1306_UpdateScreen
                0x00000000080055a4       0x5c ./Src/ssd1306.o
                0x00000000080055a4                SSD1306_UpdateScreen
 .text.SSD1306_Fill
                0x0000000008005600       0x30 ./Src/ssd1306.o
                0x0000000008005600                SSD1306_Fill
 .text.SSD1306_DrawPixel
                0x0000000008005630       0xc0 ./Src/ssd1306.o
                0x0000000008005630                SSD1306_DrawPixel
 .text.SSD1306_GotoXY
                0x00000000080056f0       0x2c ./Src/ssd1306.o
                0x00000000080056f0                SSD1306_GotoXY
 .text.SSD1306_Putc
                0x000000000800571c      0x100 ./Src/ssd1306.o
                0x000000000800571c                SSD1306_Putc
 .text.SSD1306_Puts
                0x000000000800581c       0x4a ./Src/ssd1306.o
                0x000000000800581c                SSD1306_Puts
 .text.SSD1306_Clear
                0x0000000008005866       0x12 ./Src/ssd1306.o
                0x0000000008005866                SSD1306_Clear
 .text.ssd1306_I2C_Init
                0x0000000008005878       0x2c ./Src/ssd1306.o
                0x0000000008005878                ssd1306_I2C_Init
 .text.ssd1306_I2C_WriteMulti
                0x00000000080058a4       0xcc ./Src/ssd1306.o
                0x00000000080058a4                ssd1306_I2C_WriteMulti
 .text.ssd1306_I2C_Write
                0x0000000008005970       0x3c ./Src/ssd1306.o
                0x0000000008005970                ssd1306_I2C_Write
 .text.HAL_MspInit
                0x00000000080059ac       0x48 ./Src/stm32l4xx_hal_msp.o
                0x00000000080059ac                HAL_MspInit
 .text.HAL_DAC_MspInit
                0x00000000080059f4       0xd8 ./Src/stm32l4xx_hal_msp.o
                0x00000000080059f4                HAL_DAC_MspInit
 .text.HAL_I2C_MspInit
                0x0000000008005acc       0xbc ./Src/stm32l4xx_hal_msp.o
                0x0000000008005acc                HAL_I2C_MspInit
 .text.HAL_OSPI_MspInit
                0x0000000008005b88       0xd8 ./Src/stm32l4xx_hal_msp.o
                0x0000000008005b88                HAL_OSPI_MspInit
 .text.HAL_TIM_Base_MspInit
                0x0000000008005c60       0x80 ./Src/stm32l4xx_hal_msp.o
                0x0000000008005c60                HAL_TIM_Base_MspInit
 .text.NMI_Handler
                0x0000000008005ce0        0x6 ./Src/stm32l4xx_it.o
                0x0000000008005ce0                NMI_Handler
 .text.HardFault_Handler
                0x0000000008005ce6        0x6 ./Src/stm32l4xx_it.o
                0x0000000008005ce6                HardFault_Handler
 .text.MemManage_Handler
                0x0000000008005cec        0x6 ./Src/stm32l4xx_it.o
                0x0000000008005cec                MemManage_Handler
 .text.BusFault_Handler
                0x0000000008005cf2        0x6 ./Src/stm32l4xx_it.o
                0x0000000008005cf2                BusFault_Handler
 .text.UsageFault_Handler
                0x0000000008005cf8        0x6 ./Src/stm32l4xx_it.o
                0x0000000008005cf8                UsageFault_Handler
 .text.SVC_Handler
                0x0000000008005cfe        0xe ./Src/stm32l4xx_it.o
                0x0000000008005cfe                SVC_Handler
 .text.DebugMon_Handler
                0x0000000008005d0c        0xe ./Src/stm32l4xx_it.o
                0x0000000008005d0c                DebugMon_Handler
 .text.PendSV_Handler
                0x0000000008005d1a        0xe ./Src/stm32l4xx_it.o
                0x0000000008005d1a                PendSV_Handler
 .text.SysTick_Handler
                0x0000000008005d28        0xc ./Src/stm32l4xx_it.o
                0x0000000008005d28                SysTick_Handler
 .text.DMA1_Channel1_IRQHandler
                0x0000000008005d34       0x14 ./Src/stm32l4xx_it.o
                0x0000000008005d34                DMA1_Channel1_IRQHandler
 .text.TIM2_IRQHandler
                0x0000000008005d48       0x14 ./Src/stm32l4xx_it.o
                0x0000000008005d48                TIM2_IRQHandler
 .text.TIM3_IRQHandler
                0x0000000008005d5c       0x14 ./Src/stm32l4xx_it.o
                0x0000000008005d5c                TIM3_IRQHandler
 .text.EXTI15_10_IRQHandler
                0x0000000008005d70       0x10 ./Src/stm32l4xx_it.o
                0x0000000008005d70                EXTI15_10_IRQHandler
 .text.SystemInit
                0x0000000008005d80       0x24 ./Src/system_stm32l4xx.o
                0x0000000008005d80                SystemInit
 .text.testKeypadDriver
                0x0000000008005da4       0x2c ./Src/testFunctionalities.o
                0x0000000008005da4                testKeypadDriver
 .text.Reset_Handler
                0x0000000008005dd0       0x50 ./Startup/startup_stm32l4s5vitx.o
                0x0000000008005dd0                Reset_Handler
 .text.Default_Handler
                0x0000000008005e20        0x2 ./Startup/startup_stm32l4s5vitx.o
                0x0000000008005e20                TIM1_BRK_TIM15_IRQHandler
                0x0000000008005e20                EXTI2_IRQHandler
                0x0000000008005e20                TIM8_TRG_COM_IRQHandler
                0x0000000008005e20                TIM8_CC_IRQHandler
                0x0000000008005e20                TIM1_CC_IRQHandler
                0x0000000008005e20                TSC_IRQHandler
                0x0000000008005e20                TAMP_STAMP_IRQHandler
                0x0000000008005e20                EXTI3_IRQHandler
                0x0000000008005e20                LPTIM2_IRQHandler
                0x0000000008005e20                DFSDM1_FLT1_IRQHandler
                0x0000000008005e20                GFXMMU_IRQHandler
                0x0000000008005e20                I2C3_ER_IRQHandler
                0x0000000008005e20                DFSDM1_FLT2_IRQHandler
                0x0000000008005e20                EXTI0_IRQHandler
                0x0000000008005e20                I2C2_EV_IRQHandler
                0x0000000008005e20                CAN1_RX0_IRQHandler
                0x0000000008005e20                FPU_IRQHandler
                0x0000000008005e20                TIM1_UP_TIM16_IRQHandler
                0x0000000008005e20                LTDC_ER_IRQHandler
                0x0000000008005e20                SPI1_IRQHandler
                0x0000000008005e20                OCTOSPI1_IRQHandler
                0x0000000008005e20                TIM6_DAC_IRQHandler
                0x0000000008005e20                DCMI_IRQHandler
                0x0000000008005e20                TIM8_UP_IRQHandler
                0x0000000008005e20                OCTOSPI2_IRQHandler
                0x0000000008005e20                DMA2_Channel2_IRQHandler
                0x0000000008005e20                DMA1_Channel4_IRQHandler
                0x0000000008005e20                SAI2_IRQHandler
                0x0000000008005e20                ADC1_IRQHandler
                0x0000000008005e20                DFSDM1_FLT3_IRQHandler
                0x0000000008005e20                USART3_IRQHandler
                0x0000000008005e20                DMA1_Channel7_IRQHandler
                0x0000000008005e20                CAN1_RX1_IRQHandler
                0x0000000008005e20                UART5_IRQHandler
                0x0000000008005e20                TIM4_IRQHandler
                0x0000000008005e20                DMA2_Channel1_IRQHandler
                0x0000000008005e20                I2C1_EV_IRQHandler
                0x0000000008005e20                DMAMUX1_OVR_IRQHandler
                0x0000000008005e20                DMA1_Channel6_IRQHandler
                0x0000000008005e20                UART4_IRQHandler
                0x0000000008005e20                DMA2_Channel4_IRQHandler
                0x0000000008005e20                RCC_IRQHandler
                0x0000000008005e20                Default_Handler
                0x0000000008005e20                DMA2_Channel7_IRQHandler
                0x0000000008005e20                TIM7_IRQHandler
                0x0000000008005e20                SDMMC1_IRQHandler
                0x0000000008005e20                TIM5_IRQHandler
                0x0000000008005e20                I2C3_EV_IRQHandler
                0x0000000008005e20                EXTI9_5_IRQHandler
                0x0000000008005e20                RTC_WKUP_IRQHandler
                0x0000000008005e20                LTDC_IRQHandler
                0x0000000008005e20                PVD_PVM_IRQHandler
                0x0000000008005e20                SPI2_IRQHandler
                0x0000000008005e20                CAN1_TX_IRQHandler
                0x0000000008005e20                DMA2_Channel5_IRQHandler
                0x0000000008005e20                DMA1_Channel5_IRQHandler
                0x0000000008005e20                EXTI4_IRQHandler
                0x0000000008005e20                RNG_IRQHandler
                0x0000000008005e20                TIM1_TRG_COM_TIM17_IRQHandler
                0x0000000008005e20                DMA1_Channel3_IRQHandler
                0x0000000008005e20                COMP_IRQHandler
                0x0000000008005e20                HASH_CRS_IRQHandler
                0x0000000008005e20                WWDG_IRQHandler
                0x0000000008005e20                I2C4_EV_IRQHandler
                0x0000000008005e20                LPUART1_IRQHandler
                0x0000000008005e20                DMA2_Channel6_IRQHandler
                0x0000000008005e20                DMA2D_IRQHandler
                0x0000000008005e20                EXTI1_IRQHandler
                0x0000000008005e20                AES_IRQHandler
                0x0000000008005e20                USART2_IRQHandler
                0x0000000008005e20                DFSDM1_FLT0_IRQHandler
                0x0000000008005e20                I2C2_ER_IRQHandler
                0x0000000008005e20                DMA1_Channel2_IRQHandler
                0x0000000008005e20                TIM8_BRK_IRQHandler
                0x0000000008005e20                CAN1_SCE_IRQHandler
                0x0000000008005e20                FLASH_IRQHandler
                0x0000000008005e20                USART1_IRQHandler
                0x0000000008005e20                OTG_FS_IRQHandler
                0x0000000008005e20                SPI3_IRQHandler
                0x0000000008005e20                I2C1_ER_IRQHandler
                0x0000000008005e20                FMC_IRQHandler
                0x0000000008005e20                LPTIM1_IRQHandler
                0x0000000008005e20                I2C4_ER_IRQHandler
                0x0000000008005e20                SAI1_IRQHandler
                0x0000000008005e20                DMA2_Channel3_IRQHandler
                0x0000000008005e20                RTC_Alarm_IRQHandler
 *fill*         0x0000000008005e22        0x2 
 .text.arm_sin_f32
                0x0000000008005e24       0x8c ../Lib/libarm_cortexM4lf_math.a(arm_sin_f32.o)
                0x0000000008005e24                arm_sin_f32
 .text.__libc_init_array
                0x0000000008005eb0       0x48 /Applications/STM32CubeIDE.app/Contents/Eclipse/plugins/com.st.stm32cube.ide.mcu.externaltools.gnu-tools-for-stm32.10.3-2021.10.macos64_1.0.0.202111181127/tools/bin/../lib/gcc/arm-none-eabi/10.3.1/../../../../arm-none-eabi/lib/thumb/v7e-m+fp/hard/libc_nano.a(lib_a-init.o)
                0x0000000008005eb0                __libc_init_array
 .text.memset   0x0000000008005ef8       0x10 /Applications/STM32CubeIDE.app/Contents/Eclipse/plugins/com.st.stm32cube.ide.mcu.externaltools.gnu-tools-for-stm32.10.3-2021.10.macos64_1.0.0.202111181127/tools/bin/../lib/gcc/arm-none-eabi/10.3.1/../../../../arm-none-eabi/lib/thumb/v7e-m+fp/hard/libc_nano.a(lib_a-memset.o)
                0x0000000008005ef8                memset
 *(.glue_7)
 .glue_7        0x0000000008005f08        0x0 linker stubs
 *(.glue_7t)
 .glue_7t       0x0000000008005f08        0x0 linker stubs
 *(.eh_frame)
 .eh_frame      0x0000000008005f08        0x0 /Applications/STM32CubeIDE.app/Contents/Eclipse/plugins/com.st.stm32cube.ide.mcu.externaltools.gnu-tools-for-stm32.10.3-2021.10.macos64_1.0.0.202111181127/tools/bin/../lib/gcc/arm-none-eabi/10.3.1/thumb/v7e-m+fp/hard/crtbegin.o
 *(.init)
 .init          0x0000000008005f08        0x4 /Applications/STM32CubeIDE.app/Contents/Eclipse/plugins/com.st.stm32cube.ide.mcu.externaltools.gnu-tools-for-stm32.10.3-2021.10.macos64_1.0.0.202111181127/tools/bin/../lib/gcc/arm-none-eabi/10.3.1/thumb/v7e-m+fp/hard/crti.o
                0x0000000008005f08                _init
 .init          0x0000000008005f0c        0x8 /Applications/STM32CubeIDE.app/Contents/Eclipse/plugins/com.st.stm32cube.ide.mcu.externaltools.gnu-tools-for-stm32.10.3-2021.10.macos64_1.0.0.202111181127/tools/bin/../lib/gcc/arm-none-eabi/10.3.1/thumb/v7e-m+fp/hard/crtn.o
 *(.fini)
 .fini          0x0000000008005f14        0x4 /Applications/STM32CubeIDE.app/Contents/Eclipse/plugins/com.st.stm32cube.ide.mcu.externaltools.gnu-tools-for-stm32.10.3-2021.10.macos64_1.0.0.202111181127/tools/bin/../lib/gcc/arm-none-eabi/10.3.1/thumb/v7e-m+fp/hard/crti.o
                0x0000000008005f14                _fini
 .fini          0x0000000008005f18        0x8 /Applications/STM32CubeIDE.app/Contents/Eclipse/plugins/com.st.stm32cube.ide.mcu.externaltools.gnu-tools-for-stm32.10.3-2021.10.macos64_1.0.0.202111181127/tools/bin/../lib/gcc/arm-none-eabi/10.3.1/thumb/v7e-m+fp/hard/crtn.o
                0x0000000008005f20                . = ALIGN (0x4)
                0x0000000008005f20                _etext = .

.vfp11_veneer   0x0000000008005f20        0x0
 .vfp11_veneer  0x0000000008005f20        0x0 linker stubs

.v4_bx          0x0000000008005f20        0x0
 .v4_bx         0x0000000008005f20        0x0 linker stubs

.iplt           0x0000000008005f20        0x0
 .iplt          0x0000000008005f20        0x0 /Applications/STM32CubeIDE.app/Contents/Eclipse/plugins/com.st.stm32cube.ide.mcu.externaltools.gnu-tools-for-stm32.10.3-2021.10.macos64_1.0.0.202111181127/tools/bin/../lib/gcc/arm-none-eabi/10.3.1/thumb/v7e-m+fp/hard/crtbegin.o

.rodata         0x0000000008005f20      0xfc0
                0x0000000008005f20                . = ALIGN (0x4)
 *(.rodata)
 *(.rodata*)
 .rodata.Font7x10
                0x0000000008005f20      0x76c ./Src/fonts.o
                0x0000000008005f20                Font7x10
 .rodata.keyPadLayout
                0x000000000800668c       0x10 ./Src/keypadDriver.o
                0x000000000800668c                keyPadLayout
 .rodata.AHBPrescTable
                0x000000000800669c       0x10 ./Src/system_stm32l4xx.o
                0x000000000800669c                AHBPrescTable
 .rodata.MSIRangeTable
                0x00000000080066ac       0x30 ./Src/system_stm32l4xx.o
                0x00000000080066ac                MSIRangeTable
 .rodata.sinTable_f32
                0x00000000080066dc      0x804 ../Lib/libarm_cortexM4lf_math.a(arm_common_tables.o)
                0x00000000080066dc                sinTable_f32
                0x0000000008006ee0                . = ALIGN (0x4)

.rel.dyn        0x0000000008006ee0        0x0
 .rel.iplt      0x0000000008006ee0        0x0 /Applications/STM32CubeIDE.app/Contents/Eclipse/plugins/com.st.stm32cube.ide.mcu.externaltools.gnu-tools-for-stm32.10.3-2021.10.macos64_1.0.0.202111181127/tools/bin/../lib/gcc/arm-none-eabi/10.3.1/thumb/v7e-m+fp/hard/crtbegin.o

.ARM.extab      0x0000000008006ee0        0x0
                0x0000000008006ee0                . = ALIGN (0x4)
 *(.ARM.extab* .gnu.linkonce.armextab.*)
                0x0000000008006ee0                . = ALIGN (0x4)

.ARM            0x0000000008006ee0        0x0
                0x0000000008006ee0                . = ALIGN (0x4)
                0x0000000008006ee0                __exidx_start = .
 *(.ARM.exidx*)
                0x0000000008006ee0                __exidx_end = .
                0x0000000008006ee0                . = ALIGN (0x4)

.preinit_array  0x0000000008006ee0        0x0
                0x0000000008006ee0                . = ALIGN (0x4)
                0x0000000008006ee0                PROVIDE (__preinit_array_start = .)
 *(.preinit_array*)
                0x0000000008006ee0                PROVIDE (__preinit_array_end = .)
                0x0000000008006ee0                . = ALIGN (0x4)

.init_array     0x0000000008006ee0        0x4
                0x0000000008006ee0                . = ALIGN (0x4)
                0x0000000008006ee0                PROVIDE (__init_array_start = .)
 *(SORT_BY_NAME(.init_array.*))
 *(.init_array*)
 .init_array    0x0000000008006ee0        0x4 /Applications/STM32CubeIDE.app/Contents/Eclipse/plugins/com.st.stm32cube.ide.mcu.externaltools.gnu-tools-for-stm32.10.3-2021.10.macos64_1.0.0.202111181127/tools/bin/../lib/gcc/arm-none-eabi/10.3.1/thumb/v7e-m+fp/hard/crtbegin.o
                0x0000000008006ee4                PROVIDE (__init_array_end = .)
                0x0000000008006ee4                . = ALIGN (0x4)

.fini_array     0x0000000008006ee4        0x4
                0x0000000008006ee4                . = ALIGN (0x4)
                [!provide]                        PROVIDE (__fini_array_start = .)
 *(SORT_BY_NAME(.fini_array.*))
 *(.fini_array*)
 .fini_array    0x0000000008006ee4        0x4 /Applications/STM32CubeIDE.app/Contents/Eclipse/plugins/com.st.stm32cube.ide.mcu.externaltools.gnu-tools-for-stm32.10.3-2021.10.macos64_1.0.0.202111181127/tools/bin/../lib/gcc/arm-none-eabi/10.3.1/thumb/v7e-m+fp/hard/crtbegin.o
                [!provide]                        PROVIDE (__fini_array_end = .)
                0x0000000008006ee8                . = ALIGN (0x4)
                0x0000000008006ee8                _sidata = LOADADDR (.data)

.data           0x0000000020000000       0x14 load address 0x0000000008006ee8
                0x0000000020000000                . = ALIGN (0x4)
                0x0000000020000000                _sdata = .
 *(.data)
 *(.data*)
 .data.uwTickPrio
                0x0000000020000000        0x4 ./Drivers/STM32L4xx_HAL_Driver/Src/stm32l4xx_hal.o
                0x0000000020000000                uwTickPrio
 .data.uwTickFreq
                0x0000000020000004        0x1 ./Drivers/STM32L4xx_HAL_Driver/Src/stm32l4xx_hal.o
                0x0000000020000004                uwTickFreq
 *fill*         0x0000000020000005        0x3 
 .data.Font_7x10
                0x0000000020000008        0x8 ./Src/fonts.o
                0x0000000020000008                Font_7x10
 .data.SystemCoreClock
                0x0000000020000010        0x4 ./Src/system_stm32l4xx.o
                0x0000000020000010                SystemCoreClock
 *(.RamFunc)
 *(.RamFunc*)
                0x0000000020000014                . = ALIGN (0x4)
                0x0000000020000014                _edata = .

.igot.plt       0x0000000020000014        0x0 load address 0x0000000008006efc
 .igot.plt      0x0000000020000014        0x0 /Applications/STM32CubeIDE.app/Contents/Eclipse/plugins/com.st.stm32cube.ide.mcu.externaltools.gnu-tools-for-stm32.10.3-2021.10.macos64_1.0.0.202111181127/tools/bin/../lib/gcc/arm-none-eabi/10.3.1/thumb/v7e-m+fp/hard/crtbegin.o
                0x0000000020000014                . = ALIGN (0x4)

.bss            0x0000000020000014     0x5f74 load address 0x0000000008006efc
                0x0000000020000014                _sbss = .
                0x0000000020000014                __bss_start__ = _sbss
 *(.bss)
 .bss           0x0000000020000014       0x1c /Applications/STM32CubeIDE.app/Contents/Eclipse/plugins/com.st.stm32cube.ide.mcu.externaltools.gnu-tools-for-stm32.10.3-2021.10.macos64_1.0.0.202111181127/tools/bin/../lib/gcc/arm-none-eabi/10.3.1/thumb/v7e-m+fp/hard/crtbegin.o
 *(.bss*)
 .bss.uwTick    0x0000000020000030        0x4 ./Drivers/STM32L4xx_HAL_Driver/Src/stm32l4xx_hal.o
                0x0000000020000030                uwTick
 .bss.currentLinePix
                0x0000000020000034        0x4 ./Src/OLEDScreenDriver.o
                0x0000000020000034                currentLinePix
 .bss.keyPadResult
                0x0000000020000038        0x4 ./Src/keypadDriver.o
                0x0000000020000038                keyPadResult
 .bss.hdac1     0x000000002000003c       0x14 ./Src/main.o
                0x000000002000003c                hdac1
 .bss.hdma_dac1_ch2
                0x0000000020000050       0x60 ./Src/main.o
                0x0000000020000050                hdma_dac1_ch2
 .bss.hi2c1     0x00000000200000b0       0x54 ./Src/main.o
                0x00000000200000b0                hi2c1
 .bss.hospi1    0x0000000020000104       0x50 ./Src/main.o
                0x0000000020000104                hospi1
 .bss.htim2     0x0000000020000154       0x4c ./Src/main.o
                0x0000000020000154                htim2
 .bss.htim3     0x00000000200001a0       0x4c ./Src/main.o
                0x00000000200001a0                htim3
 .bss.ringtone  0x00000000200001ec     0x5994 ./Src/main.o
                0x00000000200001ec                ringtone
 .bss.SSD1306_Buffer
                0x0000000020005b80      0x400 ./Src/ssd1306.o
 .bss.SSD1306   0x0000000020005f80        0x6 ./Src/ssd1306.o
 *(COMMON)
                0x0000000020005f88                . = ALIGN (0x4)
 *fill*         0x0000000020005f86        0x2 
                0x0000000020005f88                _ebss = .
                0x0000000020005f88                __bss_end__ = _ebss

._user_heap_stack
                0x0000000020005f88      0x600 load address 0x0000000008006efc
                0x0000000020005f88                . = ALIGN (0x8)
                [!provide]                        PROVIDE (end = .)
                0x0000000020005f88                PROVIDE (_end = .)
                0x0000000020006188                . = (. + _Min_Heap_Size)
 *fill*         0x0000000020005f88      0x200 
                0x0000000020006588                . = (. + _Min_Stack_Size)
 *fill*         0x0000000020006188      0x400 
                0x0000000020006588                . = ALIGN (0x8)

/DISCARD/
 libc.a(*)
 libm.a(*)
 libgcc.a(*)

.ARM.attributes
                0x0000000000000000       0x30
 *(.ARM.attributes)
 .ARM.attributes
                0x0000000000000000       0x1e /Applications/STM32CubeIDE.app/Contents/Eclipse/plugins/com.st.stm32cube.ide.mcu.externaltools.gnu-tools-for-stm32.10.3-2021.10.macos64_1.0.0.202111181127/tools/bin/../lib/gcc/arm-none-eabi/10.3.1/thumb/v7e-m+fp/hard/crti.o
 .ARM.attributes
                0x000000000000001e       0x34 /Applications/STM32CubeIDE.app/Contents/Eclipse/plugins/com.st.stm32cube.ide.mcu.externaltools.gnu-tools-for-stm32.10.3-2021.10.macos64_1.0.0.202111181127/tools/bin/../lib/gcc/arm-none-eabi/10.3.1/thumb/v7e-m+fp/hard/crtbegin.o
 .ARM.attributes
                0x0000000000000052       0x34 ./Drivers/STM32L4xx_HAL_Driver/Src/stm32l4xx_hal.o
 .ARM.attributes
                0x0000000000000086       0x34 ./Drivers/STM32L4xx_HAL_Driver/Src/stm32l4xx_hal_cortex.o
 .ARM.attributes
                0x00000000000000ba       0x34 ./Drivers/STM32L4xx_HAL_Driver/Src/stm32l4xx_hal_dac.o
 .ARM.attributes
                0x00000000000000ee       0x34 ./Drivers/STM32L4xx_HAL_Driver/Src/stm32l4xx_hal_dac_ex.o
 .ARM.attributes
                0x0000000000000122       0x34 ./Drivers/STM32L4xx_HAL_Driver/Src/stm32l4xx_hal_dma.o
 .ARM.attributes
                0x0000000000000156       0x34 ./Drivers/STM32L4xx_HAL_Driver/Src/stm32l4xx_hal_gpio.o
 .ARM.attributes
                0x000000000000018a       0x34 ./Drivers/STM32L4xx_HAL_Driver/Src/stm32l4xx_hal_i2c.o
 .ARM.attributes
                0x00000000000001be       0x34 ./Drivers/STM32L4xx_HAL_Driver/Src/stm32l4xx_hal_i2c_ex.o
 .ARM.attributes
                0x00000000000001f2       0x34 ./Drivers/STM32L4xx_HAL_Driver/Src/stm32l4xx_hal_ospi.o
 .ARM.attributes
                0x0000000000000226       0x34 ./Drivers/STM32L4xx_HAL_Driver/Src/stm32l4xx_hal_pwr_ex.o
 .ARM.attributes
                0x000000000000025a       0x34 ./Drivers/STM32L4xx_HAL_Driver/Src/stm32l4xx_hal_rcc.o
 .ARM.attributes
                0x000000000000028e       0x34 ./Drivers/STM32L4xx_HAL_Driver/Src/stm32l4xx_hal_rcc_ex.o
 .ARM.attributes
                0x00000000000002c2       0x34 ./Drivers/STM32L4xx_HAL_Driver/Src/stm32l4xx_hal_tim.o
 .ARM.attributes
                0x00000000000002f6       0x34 ./Drivers/STM32L4xx_HAL_Driver/Src/stm32l4xx_hal_tim_ex.o
 .ARM.attributes
                0x000000000000032a       0x34 ./Src/OLEDScreenDriver.o
 .ARM.attributes
                0x000000000000035e       0x34 ./Src/fonts.o
 .ARM.attributes
                0x0000000000000392       0x34 ./Src/keypadDriver.o
 .ARM.attributes
                0x00000000000003c6       0x34 ./Src/main.o
 .ARM.attributes
                0x00000000000003fa       0x34 ./Src/ssd1306.o
 .ARM.attributes
                0x000000000000042e       0x34 ./Src/stm32l4xx_hal_msp.o
 .ARM.attributes
                0x0000000000000462       0x34 ./Src/stm32l4xx_it.o
 .ARM.attributes
                0x0000000000000496       0x34 ./Src/system_stm32l4xx.o
 .ARM.attributes
                0x00000000000004ca       0x34 ./Src/testFunctionalities.o
 .ARM.attributes
                0x00000000000004fe       0x21 ./Startup/startup_stm32l4s5vitx.o
 .ARM.attributes
                0x000000000000051f       0x34 ../Lib/libarm_cortexM4lf_math.a(arm_sin_f32.o)
 .ARM.attributes
                0x0000000000000553       0x39 ../Lib/libarm_cortexM4lf_math.a(arm_common_tables.o)
 .ARM.attributes
                0x000000000000058c       0x34 /Applications/STM32CubeIDE.app/Contents/Eclipse/plugins/com.st.stm32cube.ide.mcu.externaltools.gnu-tools-for-stm32.10.3-2021.10.macos64_1.0.0.202111181127/tools/bin/../lib/gcc/arm-none-eabi/10.3.1/../../../../arm-none-eabi/lib/thumb/v7e-m+fp/hard/libc_nano.a(lib_a-init.o)
 .ARM.attributes
                0x00000000000005c0       0x34 /Applications/STM32CubeIDE.app/Contents/Eclipse/plugins/com.st.stm32cube.ide.mcu.externaltools.gnu-tools-for-stm32.10.3-2021.10.macos64_1.0.0.202111181127/tools/bin/../lib/gcc/arm-none-eabi/10.3.1/../../../../arm-none-eabi/lib/thumb/v7e-m+fp/hard/libc_nano.a(lib_a-memset.o)
 .ARM.attributes
                0x00000000000005f4       0x1e /Applications/STM32CubeIDE.app/Contents/Eclipse/plugins/com.st.stm32cube.ide.mcu.externaltools.gnu-tools-for-stm32.10.3-2021.10.macos64_1.0.0.202111181127/tools/bin/../lib/gcc/arm-none-eabi/10.3.1/thumb/v7e-m+fp/hard/crtn.o
OUTPUT(ProjectFile(EncryptedCommunication).elf elf32-littlearm)
LOAD linker stubs
LOAD /Applications/STM32CubeIDE.app/Contents/Eclipse/plugins/com.st.stm32cube.ide.mcu.externaltools.gnu-tools-for-stm32.10.3-2021.10.macos64_1.0.0.202111181127/tools/bin/../lib/gcc/arm-none-eabi/10.3.1/../../../../arm-none-eabi/lib/thumb/v7e-m+fp/hard/libc.a
LOAD /Applications/STM32CubeIDE.app/Contents/Eclipse/plugins/com.st.stm32cube.ide.mcu.externaltools.gnu-tools-for-stm32.10.3-2021.10.macos64_1.0.0.202111181127/tools/bin/../lib/gcc/arm-none-eabi/10.3.1/../../../../arm-none-eabi/lib/thumb/v7e-m+fp/hard/libm.a
LOAD /Applications/STM32CubeIDE.app/Contents/Eclipse/plugins/com.st.stm32cube.ide.mcu.externaltools.gnu-tools-for-stm32.10.3-2021.10.macos64_1.0.0.202111181127/tools/bin/../lib/gcc/arm-none-eabi/10.3.1/thumb/v7e-m+fp/hard/libgcc.a

.debug_info     0x0000000000000000    0x1955a
 .debug_info    0x0000000000000000      0xb99 ./Drivers/STM32L4xx_HAL_Driver/Src/stm32l4xx_hal.o
 .debug_info    0x0000000000000b99      0xe3f ./Drivers/STM32L4xx_HAL_Driver/Src/stm32l4xx_hal_cortex.o
 .debug_info    0x00000000000019d8      0xc5b ./Drivers/STM32L4xx_HAL_Driver/Src/stm32l4xx_hal_dac.o
 .debug_info    0x0000000000002633      0xa9a ./Drivers/STM32L4xx_HAL_Driver/Src/stm32l4xx_hal_dac_ex.o
 .debug_info    0x00000000000030cd      0x8ce ./Drivers/STM32L4xx_HAL_Driver/Src/stm32l4xx_hal_dma.o
 .debug_info    0x000000000000399b      0x859 ./Drivers/STM32L4xx_HAL_Driver/Src/stm32l4xx_hal_gpio.o
 .debug_info    0x00000000000041f4     0x234c ./Drivers/STM32L4xx_HAL_Driver/Src/stm32l4xx_hal_i2c.o
 .debug_info    0x0000000000006540      0xba5 ./Drivers/STM32L4xx_HAL_Driver/Src/stm32l4xx_hal_i2c_ex.o
 .debug_info    0x00000000000070e5     0x1937 ./Drivers/STM32L4xx_HAL_Driver/Src/stm32l4xx_hal_ospi.o
 .debug_info    0x0000000000008a1c      0xa5e ./Drivers/STM32L4xx_HAL_Driver/Src/stm32l4xx_hal_pwr_ex.o
 .debug_info    0x000000000000947a      0xe19 ./Drivers/STM32L4xx_HAL_Driver/Src/stm32l4xx_hal_rcc.o
 .debug_info    0x000000000000a293     0x11f3 ./Drivers/STM32L4xx_HAL_Driver/Src/stm32l4xx_hal_rcc_ex.o
 .debug_info    0x000000000000b486     0x2e1e ./Drivers/STM32L4xx_HAL_Driver/Src/stm32l4xx_hal_tim.o
 .debug_info    0x000000000000e2a4     0x1905 ./Drivers/STM32L4xx_HAL_Driver/Src/stm32l4xx_hal_tim_ex.o
 .debug_info    0x000000000000fba9      0x1f7 ./Src/OLEDScreenDriver.o
 .debug_info    0x000000000000fda0      0x27a ./Src/fonts.o
 .debug_info    0x000000000001001a      0x2a4 ./Src/keypadDriver.o
 .debug_info    0x00000000000102be     0x209f ./Src/main.o
 .debug_info    0x000000000001235d     0x1284 ./Src/ssd1306.o
 .debug_info    0x00000000000135e1     0x1c91 ./Src/stm32l4xx_hal_msp.o
 .debug_info    0x0000000000015272      0x90a ./Src/stm32l4xx_it.o
 .debug_info    0x0000000000015b7c      0x5fe ./Src/system_stm32l4xx.o
 .debug_info    0x000000000001617a      0x328 ./Src/testFunctionalities.o
 .debug_info    0x00000000000164a2       0x22 ./Startup/startup_stm32l4s5vitx.o
 .debug_info    0x00000000000164c4     0x1612 ../Lib/libarm_cortexM4lf_math.a(arm_sin_f32.o)
 .debug_info    0x0000000000017ad6     0x1a84 ../Lib/libarm_cortexM4lf_math.a(arm_common_tables.o)

.debug_abbrev   0x0000000000000000     0x34e2
 .debug_abbrev  0x0000000000000000      0x23a ./Drivers/STM32L4xx_HAL_Driver/Src/stm32l4xx_hal.o
 .debug_abbrev  0x000000000000023a      0x316 ./Drivers/STM32L4xx_HAL_Driver/Src/stm32l4xx_hal_cortex.o
 .debug_abbrev  0x0000000000000550      0x209 ./Drivers/STM32L4xx_HAL_Driver/Src/stm32l4xx_hal_dac.o
 .debug_abbrev  0x0000000000000759      0x235 ./Drivers/STM32L4xx_HAL_Driver/Src/stm32l4xx_hal_dac_ex.o
 .debug_abbrev  0x000000000000098e      0x1d7 ./Drivers/STM32L4xx_HAL_Driver/Src/stm32l4xx_hal_dma.o
 .debug_abbrev  0x0000000000000b65      0x1bb ./Drivers/STM32L4xx_HAL_Driver/Src/stm32l4xx_hal_gpio.o
 .debug_abbrev  0x0000000000000d20      0x243 ./Drivers/STM32L4xx_HAL_Driver/Src/stm32l4xx_hal_i2c.o
 .debug_abbrev  0x0000000000000f63      0x1b0 ./Drivers/STM32L4xx_HAL_Driver/Src/stm32l4xx_hal_i2c_ex.o
 .debug_abbrev  0x0000000000001113      0x2a8 ./Drivers/STM32L4xx_HAL_Driver/Src/stm32l4xx_hal_ospi.o
 .debug_abbrev  0x00000000000013bb      0x1f3 ./Drivers/STM32L4xx_HAL_Driver/Src/stm32l4xx_hal_pwr_ex.o
 .debug_abbrev  0x00000000000015ae      0x2f9 ./Drivers/STM32L4xx_HAL_Driver/Src/stm32l4xx_hal_rcc.o
 .debug_abbrev  0x00000000000018a7      0x299 ./Drivers/STM32L4xx_HAL_Driver/Src/stm32l4xx_hal_rcc_ex.o
 .debug_abbrev  0x0000000000001b40      0x264 ./Drivers/STM32L4xx_HAL_Driver/Src/stm32l4xx_hal_tim.o
 .debug_abbrev  0x0000000000001da4      0x26c ./Drivers/STM32L4xx_HAL_Driver/Src/stm32l4xx_hal_tim_ex.o
 .debug_abbrev  0x0000000000002010      0x161 ./Src/OLEDScreenDriver.o
 .debug_abbrev  0x0000000000002171      0x111 ./Src/fonts.o
 .debug_abbrev  0x0000000000002282      0x155 ./Src/keypadDriver.o
 .debug_abbrev  0x00000000000023d7      0x330 ./Src/main.o
 .debug_abbrev  0x0000000000002707      0x303 ./Src/ssd1306.o
 .debug_abbrev  0x0000000000002a0a      0x267 ./Src/stm32l4xx_hal_msp.o
 .debug_abbrev  0x0000000000002c71      0x184 ./Src/stm32l4xx_it.o
 .debug_abbrev  0x0000000000002df5      0x116 ./Src/system_stm32l4xx.o
 .debug_abbrev  0x0000000000002f0b      0x1bc ./Src/testFunctionalities.o
 .debug_abbrev  0x00000000000030c7       0x12 ./Startup/startup_stm32l4s5vitx.o
 .debug_abbrev  0x00000000000030d9      0x22c ../Lib/libarm_cortexM4lf_math.a(arm_sin_f32.o)
 .debug_abbrev  0x0000000000003305      0x1dd ../Lib/libarm_cortexM4lf_math.a(arm_common_tables.o)

.debug_aranges  0x0000000000000000     0x14d0
 .debug_aranges
                0x0000000000000000      0x130 ./Drivers/STM32L4xx_HAL_Driver/Src/stm32l4xx_hal.o
 .debug_aranges
                0x0000000000000130      0x118 ./Drivers/STM32L4xx_HAL_Driver/Src/stm32l4xx_hal_cortex.o
 .debug_aranges
                0x0000000000000248       0xc0 ./Drivers/STM32L4xx_HAL_Driver/Src/stm32l4xx_hal_dac.o
 .debug_aranges
                0x0000000000000308       0x88 ./Drivers/STM32L4xx_HAL_Driver/Src/stm32l4xx_hal_dac_ex.o
 .debug_aranges
                0x0000000000000390       0x90 ./Drivers/STM32L4xx_HAL_Driver/Src/stm32l4xx_hal_dma.o
 .debug_aranges
                0x0000000000000420       0x58 ./Drivers/STM32L4xx_HAL_Driver/Src/stm32l4xx_hal_gpio.o
 .debug_aranges
                0x0000000000000478      0x2a0 ./Drivers/STM32L4xx_HAL_Driver/Src/stm32l4xx_hal_i2c.o
 .debug_aranges
                0x0000000000000718       0x48 ./Drivers/STM32L4xx_HAL_Driver/Src/stm32l4xx_hal_i2c_ex.o
 .debug_aranges
                0x0000000000000760      0x170 ./Drivers/STM32L4xx_HAL_Driver/Src/stm32l4xx_hal_ospi.o
 .debug_aranges
                0x00000000000008d0      0x170 ./Drivers/STM32L4xx_HAL_Driver/Src/stm32l4xx_hal_pwr_ex.o
 .debug_aranges
                0x0000000000000a40       0x98 ./Drivers/STM32L4xx_HAL_Driver/Src/stm32l4xx_hal_rcc.o
 .debug_aranges
                0x0000000000000ad8      0x110 ./Drivers/STM32L4xx_HAL_Driver/Src/stm32l4xx_hal_rcc_ex.o
 .debug_aranges
                0x0000000000000be8      0x3e0 ./Drivers/STM32L4xx_HAL_Driver/Src/stm32l4xx_hal_tim.o
 .debug_aranges
                0x0000000000000fc8      0x180 ./Drivers/STM32L4xx_HAL_Driver/Src/stm32l4xx_hal_tim_ex.o
 .debug_aranges
                0x0000000000001148       0x30 ./Src/OLEDScreenDriver.o
 .debug_aranges
                0x0000000000001178       0x20 ./Src/fonts.o
 .debug_aranges
                0x0000000000001198       0x30 ./Src/keypadDriver.o
 .debug_aranges
                0x00000000000011c8       0x78 ./Src/main.o
 .debug_aranges
                0x0000000000001240       0xf8 ./Src/ssd1306.o
 .debug_aranges
                0x0000000000001338       0x60 ./Src/stm32l4xx_hal_msp.o
 .debug_aranges
                0x0000000000001398       0x80 ./Src/stm32l4xx_it.o
 .debug_aranges
                0x0000000000001418       0x28 ./Src/system_stm32l4xx.o
 .debug_aranges
                0x0000000000001440       0x30 ./Src/testFunctionalities.o
 .debug_aranges
                0x0000000000001470       0x28 ./Startup/startup_stm32l4s5vitx.o
 .debug_aranges
                0x0000000000001498       0x20 ../Lib/libarm_cortexM4lf_math.a(arm_sin_f32.o)
 .debug_aranges
                0x00000000000014b8       0x18 ../Lib/libarm_cortexM4lf_math.a(arm_common_tables.o)

.debug_ranges   0x0000000000000000     0x1330
 .debug_ranges  0x0000000000000000      0x120 ./Drivers/STM32L4xx_HAL_Driver/Src/stm32l4xx_hal.o
 .debug_ranges  0x0000000000000120      0x108 ./Drivers/STM32L4xx_HAL_Driver/Src/stm32l4xx_hal_cortex.o
 .debug_ranges  0x0000000000000228       0xb0 ./Drivers/STM32L4xx_HAL_Driver/Src/stm32l4xx_hal_dac.o
 .debug_ranges  0x00000000000002d8       0x78 ./Drivers/STM32L4xx_HAL_Driver/Src/stm32l4xx_hal_dac_ex.o
 .debug_ranges  0x0000000000000350       0x80 ./Drivers/STM32L4xx_HAL_Driver/Src/stm32l4xx_hal_dma.o
 .debug_ranges  0x00000000000003d0       0x48 ./Drivers/STM32L4xx_HAL_Driver/Src/stm32l4xx_hal_gpio.o
 .debug_ranges  0x0000000000000418      0x290 ./Drivers/STM32L4xx_HAL_Driver/Src/stm32l4xx_hal_i2c.o
 .debug_ranges  0x00000000000006a8       0x38 ./Drivers/STM32L4xx_HAL_Driver/Src/stm32l4xx_hal_i2c_ex.o
 .debug_ranges  0x00000000000006e0      0x160 ./Drivers/STM32L4xx_HAL_Driver/Src/stm32l4xx_hal_ospi.o
 .debug_ranges  0x0000000000000840      0x160 ./Drivers/STM32L4xx_HAL_Driver/Src/stm32l4xx_hal_pwr_ex.o
 .debug_ranges  0x00000000000009a0       0x88 ./Drivers/STM32L4xx_HAL_Driver/Src/stm32l4xx_hal_rcc.o
 .debug_ranges  0x0000000000000a28      0x100 ./Drivers/STM32L4xx_HAL_Driver/Src/stm32l4xx_hal_rcc_ex.o
 .debug_ranges  0x0000000000000b28      0x3d0 ./Drivers/STM32L4xx_HAL_Driver/Src/stm32l4xx_hal_tim.o
 .debug_ranges  0x0000000000000ef8      0x170 ./Drivers/STM32L4xx_HAL_Driver/Src/stm32l4xx_hal_tim_ex.o
 .debug_ranges  0x0000000000001068       0x20 ./Src/OLEDScreenDriver.o
 .debug_ranges  0x0000000000001088       0x10 ./Src/fonts.o
 .debug_ranges  0x0000000000001098       0x20 ./Src/keypadDriver.o
 .debug_ranges  0x00000000000010b8       0x68 ./Src/main.o
 .debug_ranges  0x0000000000001120       0xe8 ./Src/ssd1306.o
 .debug_ranges  0x0000000000001208       0x50 ./Src/stm32l4xx_hal_msp.o
 .debug_ranges  0x0000000000001258       0x70 ./Src/stm32l4xx_it.o
 .debug_ranges  0x00000000000012c8       0x18 ./Src/system_stm32l4xx.o
 .debug_ranges  0x00000000000012e0       0x20 ./Src/testFunctionalities.o
 .debug_ranges  0x0000000000001300       0x20 ./Startup/startup_stm32l4s5vitx.o
 .debug_ranges  0x0000000000001320       0x10 ../Lib/libarm_cortexM4lf_math.a(arm_sin_f32.o)

.debug_macro    0x0000000000000000    0x2c79a
 .debug_macro   0x0000000000000000      0x23f ./Drivers/STM32L4xx_HAL_Driver/Src/stm32l4xx_hal.o
 .debug_macro   0x000000000000023f      0xa78 ./Drivers/STM32L4xx_HAL_Driver/Src/stm32l4xx_hal.o
 .debug_macro   0x0000000000000cb7      0x1b3 ./Drivers/STM32L4xx_HAL_Driver/Src/stm32l4xx_hal.o
 .debug_macro   0x0000000000000e6a       0x2e ./Drivers/STM32L4xx_HAL_Driver/Src/stm32l4xx_hal.o
 .debug_macro   0x0000000000000e98       0x28 ./Drivers/STM32L4xx_HAL_Driver/Src/stm32l4xx_hal.o
 .debug_macro   0x0000000000000ec0       0x22 ./Drivers/STM32L4xx_HAL_Driver/Src/stm32l4xx_hal.o
 .debug_macro   0x0000000000000ee2       0x8e ./Drivers/STM32L4xx_HAL_Driver/Src/stm32l4xx_hal.o
 .debug_macro   0x0000000000000f70       0x51 ./Drivers/STM32L4xx_HAL_Driver/Src/stm32l4xx_hal.o
 .debug_macro   0x0000000000000fc1      0x103 ./Drivers/STM32L4xx_HAL_Driver/Src/stm32l4xx_hal.o
 .debug_macro   0x00000000000010c4       0x6a ./Drivers/STM32L4xx_HAL_Driver/Src/stm32l4xx_hal.o
 .debug_macro   0x000000000000112e      0x1df ./Drivers/STM32L4xx_HAL_Driver/Src/stm32l4xx_hal.o
 .debug_macro   0x000000000000130d       0x1c ./Drivers/STM32L4xx_HAL_Driver/Src/stm32l4xx_hal.o
 .debug_macro   0x0000000000001329       0x22 ./Drivers/STM32L4xx_HAL_Driver/Src/stm32l4xx_hal.o
 .debug_macro   0x000000000000134b       0xfb ./Drivers/STM32L4xx_HAL_Driver/Src/stm32l4xx_hal.o
 .debug_macro   0x0000000000001446     0x1011 ./Drivers/STM32L4xx_HAL_Driver/Src/stm32l4xx_hal.o
 .debug_macro   0x0000000000002457      0x11f ./Drivers/STM32L4xx_HAL_Driver/Src/stm32l4xx_hal.o
 .debug_macro   0x0000000000002576    0x1d292 ./Drivers/STM32L4xx_HAL_Driver/Src/stm32l4xx_hal.o
 .debug_macro   0x000000000001f808       0x6d ./Drivers/STM32L4xx_HAL_Driver/Src/stm32l4xx_hal.o
 .debug_macro   0x000000000001f875     0x38ed ./Drivers/STM32L4xx_HAL_Driver/Src/stm32l4xx_hal.o
 .debug_macro   0x0000000000023162      0x174 ./Drivers/STM32L4xx_HAL_Driver/Src/stm32l4xx_hal.o
 .debug_macro   0x00000000000232d6       0x5c ./Drivers/STM32L4xx_HAL_Driver/Src/stm32l4xx_hal.o
 .debug_macro   0x0000000000023332     0x1910 ./Drivers/STM32L4xx_HAL_Driver/Src/stm32l4xx_hal.o
 .debug_macro   0x0000000000024c42      0x7dc ./Drivers/STM32L4xx_HAL_Driver/Src/stm32l4xx_hal.o
 .debug_macro   0x000000000002541e      0x1b9 ./Drivers/STM32L4xx_HAL_Driver/Src/stm32l4xx_hal.o
 .debug_macro   0x00000000000255d7      0x225 ./Drivers/STM32L4xx_HAL_Driver/Src/stm32l4xx_hal.o
 .debug_macro   0x00000000000257fc      0x486 ./Drivers/STM32L4xx_HAL_Driver/Src/stm32l4xx_hal.o
 .debug_macro   0x0000000000025c82      0x1ce ./Drivers/STM32L4xx_HAL_Driver/Src/stm32l4xx_hal.o
 .debug_macro   0x0000000000025e50       0x43 ./Drivers/STM32L4xx_HAL_Driver/Src/stm32l4xx_hal.o
 .debug_macro   0x0000000000025e93      0x23d ./Drivers/STM32L4xx_HAL_Driver/Src/stm32l4xx_hal.o
 .debug_macro   0x00000000000260d0      0x184 ./Drivers/STM32L4xx_HAL_Driver/Src/stm32l4xx_hal.o
 .debug_macro   0x0000000000026254       0xdf ./Drivers/STM32L4xx_HAL_Driver/Src/stm32l4xx_hal.o
 .debug_macro   0x0000000000026333      0x241 ./Drivers/STM32L4xx_HAL_Driver/Src/stm32l4xx_hal.o
 .debug_macro   0x0000000000026574      0x416 ./Drivers/STM32L4xx_HAL_Driver/Src/stm32l4xx_hal.o
 .debug_macro   0x000000000002698a       0x1c ./Drivers/STM32L4xx_HAL_Driver/Src/stm32l4xx_hal.o
 .debug_macro   0x00000000000269a6       0xf2 ./Drivers/STM32L4xx_HAL_Driver/Src/stm32l4xx_hal.o
 .debug_macro   0x0000000000026a98      0x22c ./Drivers/STM32L4xx_HAL_Driver/Src/stm32l4xx_hal.o
 .debug_macro   0x0000000000026cc4       0x61 ./Drivers/STM32L4xx_HAL_Driver/Src/stm32l4xx_hal.o
 .debug_macro   0x0000000000026d25       0xa5 ./Drivers/STM32L4xx_HAL_Driver/Src/stm32l4xx_hal.o
 .debug_macro   0x0000000000026dca      0x486 ./Drivers/STM32L4xx_HAL_Driver/Src/stm32l4xx_hal.o
 .debug_macro   0x0000000000027250      0x122 ./Drivers/STM32L4xx_HAL_Driver/Src/stm32l4xx_hal.o
 .debug_macro   0x0000000000027372      0x3f6 ./Drivers/STM32L4xx_HAL_Driver/Src/stm32l4xx_hal.o
 .debug_macro   0x0000000000027768      0xa91 ./Drivers/STM32L4xx_HAL_Driver/Src/stm32l4xx_hal.o
 .debug_macro   0x00000000000281f9      0x196 ./Drivers/STM32L4xx_HAL_Driver/Src/stm32l4xx_hal.o
 .debug_macro   0x000000000002838f      0x432 ./Drivers/STM32L4xx_HAL_Driver/Src/stm32l4xx_hal.o
 .debug_macro   0x00000000000287c1      0x1f1 ./Drivers/STM32L4xx_HAL_Driver/Src/stm32l4xx_hal_cortex.o
 .debug_macro   0x00000000000289b2      0x200 ./Drivers/STM32L4xx_HAL_Driver/Src/stm32l4xx_hal_dac.o
 .debug_macro   0x0000000000028bb2      0x1f1 ./Drivers/STM32L4xx_HAL_Driver/Src/stm32l4xx_hal_dac_ex.o
 .debug_macro   0x0000000000028da3      0x1f1 ./Drivers/STM32L4xx_HAL_Driver/Src/stm32l4xx_hal_dma.o
 .debug_macro   0x0000000000028f94      0x1f8 ./Drivers/STM32L4xx_HAL_Driver/Src/stm32l4xx_hal_gpio.o
 .debug_macro   0x000000000002918c      0x2bd ./Drivers/STM32L4xx_HAL_Driver/Src/stm32l4xx_hal_i2c.o
 .debug_macro   0x0000000000029449      0x1f1 ./Drivers/STM32L4xx_HAL_Driver/Src/stm32l4xx_hal_i2c_ex.o
 .debug_macro   0x000000000002963a      0x238 ./Drivers/STM32L4xx_HAL_Driver/Src/stm32l4xx_hal_ospi.o
 .debug_macro   0x0000000000029872      0x21b ./Drivers/STM32L4xx_HAL_Driver/Src/stm32l4xx_hal_pwr_ex.o
 .debug_macro   0x0000000000029a8d      0x233 ./Drivers/STM32L4xx_HAL_Driver/Src/stm32l4xx_hal_rcc.o
 .debug_macro   0x0000000000029cc0      0x227 ./Drivers/STM32L4xx_HAL_Driver/Src/stm32l4xx_hal_rcc_ex.o
 .debug_macro   0x0000000000029ee7      0x1f2 ./Drivers/STM32L4xx_HAL_Driver/Src/stm32l4xx_hal_tim.o
 .debug_macro   0x000000000002a0d9      0x1f1 ./Drivers/STM32L4xx_HAL_Driver/Src/stm32l4xx_hal_tim_ex.o
 .debug_macro   0x000000000002a2ca      0x331 ./Src/OLEDScreenDriver.o
 .debug_macro   0x000000000002a5fb       0x82 ./Src/OLEDScreenDriver.o
 .debug_macro   0x000000000002a67d       0x52 ./Src/OLEDScreenDriver.o
 .debug_macro   0x000000000002a6cf       0x1e ./Src/OLEDScreenDriver.o
 .debug_macro   0x000000000002a6ed       0x3c ./Src/OLEDScreenDriver.o
 .debug_macro   0x000000000002a729       0x34 ./Src/OLEDScreenDriver.o
 .debug_macro   0x000000000002a75d       0x16 ./Src/OLEDScreenDriver.o
 .debug_macro   0x000000000002a773       0x43 ./Src/OLEDScreenDriver.o
 .debug_macro   0x000000000002a7b6       0x34 ./Src/OLEDScreenDriver.o
 .debug_macro   0x000000000002a7ea       0x10 ./Src/OLEDScreenDriver.o
 .debug_macro   0x000000000002a7fa       0x58 ./Src/OLEDScreenDriver.o
 .debug_macro   0x000000000002a852       0x71 ./Src/OLEDScreenDriver.o
 .debug_macro   0x000000000002a8c3       0x1c ./Src/OLEDScreenDriver.o
 .debug_macro   0x000000000002a8df      0x12a ./Src/OLEDScreenDriver.o
 .debug_macro   0x000000000002aa09      0x341 ./Src/OLEDScreenDriver.o
 .debug_macro   0x000000000002ad4a       0x10 ./Src/OLEDScreenDriver.o
 .debug_macro   0x000000000002ad5a       0x35 ./Src/OLEDScreenDriver.o
 .debug_macro   0x000000000002ad8f       0x20 ./Src/OLEDScreenDriver.o
 .debug_macro   0x000000000002adaf       0x16 ./Src/OLEDScreenDriver.o
 .debug_macro   0x000000000002adc5       0x16 ./Src/OLEDScreenDriver.o
 .debug_macro   0x000000000002addb       0x29 ./Src/OLEDScreenDriver.o
 .debug_macro   0x000000000002ae04       0x1d ./Src/OLEDScreenDriver.o
 .debug_macro   0x000000000002ae21      0x2d8 ./Src/fonts.o
 .debug_macro   0x000000000002b0f9      0x20a ./Src/keypadDriver.o
 .debug_macro   0x000000000002b303      0x39c ./Src/main.o
 .debug_macro   0x000000000002b69f      0x19b ./Src/main.o
 .debug_macro   0x000000000002b83a      0x201 ./Src/main.o
 .debug_macro   0x000000000002ba3b       0xc8 ./Src/main.o
 .debug_macro   0x000000000002bb03      0x363 ./Src/ssd1306.o
 .debug_macro   0x000000000002be66      0x200 ./Src/stm32l4xx_hal_msp.o
 .debug_macro   0x000000000002c066      0x20a ./Src/stm32l4xx_it.o
 .debug_macro   0x000000000002c270      0x1f1 ./Src/system_stm32l4xx.o
 .debug_macro   0x000000000002c461      0x339 ./Src/testFunctionalities.o

.debug_line     0x0000000000000000    0x1914d
 .debug_line    0x0000000000000000      0xb34 ./Drivers/STM32L4xx_HAL_Driver/Src/stm32l4xx_hal.o
 .debug_line    0x0000000000000b34      0xcdb ./Drivers/STM32L4xx_HAL_Driver/Src/stm32l4xx_hal_cortex.o
 .debug_line    0x000000000000180f      0xc2d ./Drivers/STM32L4xx_HAL_Driver/Src/stm32l4xx_hal_dac.o
 .debug_line    0x000000000000243c      0xa3a ./Drivers/STM32L4xx_HAL_Driver/Src/stm32l4xx_hal_dac_ex.o
 .debug_line    0x0000000000002e76      0xe90 ./Drivers/STM32L4xx_HAL_Driver/Src/stm32l4xx_hal_dma.o
 .debug_line    0x0000000000003d06      0xb90 ./Drivers/STM32L4xx_HAL_Driver/Src/stm32l4xx_hal_gpio.o
 .debug_line    0x0000000000004896     0x36c6 ./Drivers/STM32L4xx_HAL_Driver/Src/stm32l4xx_hal_i2c.o
 .debug_line    0x0000000000007f5c      0x962 ./Drivers/STM32L4xx_HAL_Driver/Src/stm32l4xx_hal_i2c_ex.o
 .debug_line    0x00000000000088be     0x176c ./Drivers/STM32L4xx_HAL_Driver/Src/stm32l4xx_hal_ospi.o
 .debug_line    0x000000000000a02a      0xda1 ./Drivers/STM32L4xx_HAL_Driver/Src/stm32l4xx_hal_pwr_ex.o
 .debug_line    0x000000000000adcb     0x1088 ./Drivers/STM32L4xx_HAL_Driver/Src/stm32l4xx_hal_rcc.o
 .debug_line    0x000000000000be53     0x195c ./Drivers/STM32L4xx_HAL_Driver/Src/stm32l4xx_hal_rcc_ex.o
 .debug_line    0x000000000000d7af     0x3da1 ./Drivers/STM32L4xx_HAL_Driver/Src/stm32l4xx_hal_tim.o
 .debug_line    0x0000000000011550     0x1c3a ./Drivers/STM32L4xx_HAL_Driver/Src/stm32l4xx_hal_tim_ex.o
 .debug_line    0x000000000001318a      0x93b ./Src/OLEDScreenDriver.o
 .debug_line    0x0000000000013ac5      0x8b8 ./Src/fonts.o
 .debug_line    0x000000000001437d      0x83f ./Src/keypadDriver.o
 .debug_line    0x0000000000014bbc      0xc90 ./Src/main.o
 .debug_line    0x000000000001584c     0x108c ./Src/ssd1306.o
 .debug_line    0x00000000000168d8      0x8d4 ./Src/stm32l4xx_hal_msp.o
 .debug_line    0x00000000000171ac      0x862 ./Src/stm32l4xx_it.o
 .debug_line    0x0000000000017a0e      0x7d7 ./Src/system_stm32l4xx.o
 .debug_line    0x00000000000181e5      0x9d2 ./Src/testFunctionalities.o
 .debug_line    0x0000000000018bb7       0x83 ./Startup/startup_stm32l4s5vitx.o
 .debug_line    0x0000000000018c3a      0x2d0 ../Lib/libarm_cortexM4lf_math.a(arm_sin_f32.o)
 .debug_line    0x0000000000018f0a      0x243 ../Lib/libarm_cortexM4lf_math.a(arm_common_tables.o)

.debug_str      0x0000000000000000   0x10e134
 .debug_str     0x0000000000000000   0x102e62 ./Drivers/STM32L4xx_HAL_Driver/Src/stm32l4xx_hal.o
                                     0x1032cf (size before relaxing)
 .debug_str     0x0000000000102e62      0x3a2 ./Drivers/STM32L4xx_HAL_Driver/Src/stm32l4xx_hal_cortex.o
                                     0x102f5e (size before relaxing)
 .debug_str     0x0000000000103204      0x784 ./Drivers/STM32L4xx_HAL_Driver/Src/stm32l4xx_hal_dac.o
                                     0x102cc8 (size before relaxing)
 .debug_str     0x0000000000103988      0x18d ./Drivers/STM32L4xx_HAL_Driver/Src/stm32l4xx_hal_dac_ex.o
                                     0x102bda (size before relaxing)
 .debug_str     0x0000000000103b15      0x287 ./Drivers/STM32L4xx_HAL_Driver/Src/stm32l4xx_hal_dma.o
                                     0x102a79 (size before relaxing)
 .debug_str     0x0000000000103d9c      0x1e0 ./Drivers/STM32L4xx_HAL_Driver/Src/stm32l4xx_hal_gpio.o
                                     0x10286b (size before relaxing)
 .debug_str     0x0000000000103f7c     0x103c ./Drivers/STM32L4xx_HAL_Driver/Src/stm32l4xx_hal_i2c.o
                                     0x1039d1 (size before relaxing)
 .debug_str     0x0000000000104fb8       0xb8 ./Drivers/STM32L4xx_HAL_Driver/Src/stm32l4xx_hal_i2c_ex.o
                                     0x102d29 (size before relaxing)
 .debug_str     0x0000000000105070      0xa5b ./Drivers/STM32L4xx_HAL_Driver/Src/stm32l4xx_hal_ospi.o
                                     0x10334a (size before relaxing)
 .debug_str     0x0000000000105acb      0x59a ./Drivers/STM32L4xx_HAL_Driver/Src/stm32l4xx_hal_pwr_ex.o
                                     0x102cc4 (size before relaxing)
 .debug_str     0x0000000000106065      0x571 ./Drivers/STM32L4xx_HAL_Driver/Src/stm32l4xx_hal_rcc.o
                                     0x102d64 (size before relaxing)
 .debug_str     0x00000000001065d6      0x85b ./Drivers/STM32L4xx_HAL_Driver/Src/stm32l4xx_hal_rcc_ex.o
                                     0x103125 (size before relaxing)
 .debug_str     0x0000000000106e31     0x1149 ./Drivers/STM32L4xx_HAL_Driver/Src/stm32l4xx_hal_tim.o
                                     0x103afd (size before relaxing)
 .debug_str     0x0000000000107f7a      0x60d ./Drivers/STM32L4xx_HAL_Driver/Src/stm32l4xx_hal_tim_ex.o
                                     0x103421 (size before relaxing)
 .debug_str     0x0000000000108587     0x3252 ./Src/OLEDScreenDriver.o
                                     0x105700 (size before relaxing)
 .debug_str     0x000000000010b7d9       0x7a ./Src/fonts.o
                                     0x105537 (size before relaxing)
 .debug_str     0x000000000010b853       0x7f ./Src/keypadDriver.o
                                     0x102740 (size before relaxing)
 .debug_str     0x000000000010b8d2     0x1554 ./Src/main.o
                                     0x1083ba (size before relaxing)
 .debug_str     0x000000000010ce26      0x499 ./Src/ssd1306.o
                                     0x106139 (size before relaxing)
 .debug_str     0x000000000010d2bf       0x25 ./Src/stm32l4xx_hal_msp.o
                                     0x103d31 (size before relaxing)
 .debug_str     0x000000000010d2e4      0x106 ./Src/stm32l4xx_it.o
                                     0x102da6 (size before relaxing)
 .debug_str     0x000000000010d3ea       0x3b ./Src/system_stm32l4xx.o
                                     0x1026ec (size before relaxing)
 .debug_str     0x000000000010d425       0x53 ./Src/testFunctionalities.o
                                     0x1057bb (size before relaxing)
 .debug_str     0x000000000010d478       0x97 ./Startup/startup_stm32l4s5vitx.o
 .debug_str     0x000000000010d50f      0xbf7 ../Lib/libarm_cortexM4lf_math.a(arm_sin_f32.o)
                                        0xd42 (size before relaxing)
 .debug_str     0x000000000010e106       0x2e ../Lib/libarm_cortexM4lf_math.a(arm_common_tables.o)
                                        0xd1d (size before relaxing)

.comment        0x0000000000000000       0xc5
 .comment       0x0000000000000000       0x50 ./Drivers/STM32L4xx_HAL_Driver/Src/stm32l4xx_hal.o
                                         0x51 (size before relaxing)
 .comment       0x0000000000000050       0x51 ./Drivers/STM32L4xx_HAL_Driver/Src/stm32l4xx_hal_cortex.o
 .comment       0x0000000000000050       0x51 ./Drivers/STM32L4xx_HAL_Driver/Src/stm32l4xx_hal_dac.o
 .comment       0x0000000000000050       0x51 ./Drivers/STM32L4xx_HAL_Driver/Src/stm32l4xx_hal_dac_ex.o
 .comment       0x0000000000000050       0x51 ./Drivers/STM32L4xx_HAL_Driver/Src/stm32l4xx_hal_dma.o
 .comment       0x0000000000000050       0x51 ./Drivers/STM32L4xx_HAL_Driver/Src/stm32l4xx_hal_gpio.o
 .comment       0x0000000000000050       0x51 ./Drivers/STM32L4xx_HAL_Driver/Src/stm32l4xx_hal_i2c.o
 .comment       0x0000000000000050       0x51 ./Drivers/STM32L4xx_HAL_Driver/Src/stm32l4xx_hal_i2c_ex.o
 .comment       0x0000000000000050       0x51 ./Drivers/STM32L4xx_HAL_Driver/Src/stm32l4xx_hal_ospi.o
 .comment       0x0000000000000050       0x51 ./Drivers/STM32L4xx_HAL_Driver/Src/stm32l4xx_hal_pwr_ex.o
 .comment       0x0000000000000050       0x51 ./Drivers/STM32L4xx_HAL_Driver/Src/stm32l4xx_hal_rcc.o
 .comment       0x0000000000000050       0x51 ./Drivers/STM32L4xx_HAL_Driver/Src/stm32l4xx_hal_rcc_ex.o
 .comment       0x0000000000000050       0x51 ./Drivers/STM32L4xx_HAL_Driver/Src/stm32l4xx_hal_tim.o
 .comment       0x0000000000000050       0x51 ./Drivers/STM32L4xx_HAL_Driver/Src/stm32l4xx_hal_tim_ex.o
 .comment       0x0000000000000050       0x51 ./Src/OLEDScreenDriver.o
 .comment       0x0000000000000050       0x51 ./Src/fonts.o
 .comment       0x0000000000000050       0x51 ./Src/keypadDriver.o
 .comment       0x0000000000000050       0x51 ./Src/main.o
 .comment       0x0000000000000050       0x51 ./Src/ssd1306.o
 .comment       0x0000000000000050       0x51 ./Src/stm32l4xx_hal_msp.o
 .comment       0x0000000000000050       0x51 ./Src/stm32l4xx_it.o
 .comment       0x0000000000000050       0x51 ./Src/system_stm32l4xx.o
 .comment       0x0000000000000050       0x51 ./Src/testFunctionalities.o
 .comment       0x0000000000000050       0x75 ../Lib/libarm_cortexM4lf_math.a(arm_sin_f32.o)
                                         0x76 (size before relaxing)
 .comment       0x00000000000000c5       0x76 ../Lib/libarm_cortexM4lf_math.a(arm_common_tables.o)

.debug_frame    0x0000000000000000     0x561c
 .debug_frame   0x0000000000000000      0x498 ./Drivers/STM32L4xx_HAL_Driver/Src/stm32l4xx_hal.o
 .debug_frame   0x0000000000000498      0x498 ./Drivers/STM32L4xx_HAL_Driver/Src/stm32l4xx_hal_cortex.o
 .debug_frame   0x0000000000000930      0x338 ./Drivers/STM32L4xx_HAL_Driver/Src/stm32l4xx_hal_dac.o
 .debug_frame   0x0000000000000c68      0x234 ./Drivers/STM32L4xx_HAL_Driver/Src/stm32l4xx_hal_dac_ex.o
 .debug_frame   0x0000000000000e9c      0x24c ./Drivers/STM32L4xx_HAL_Driver/Src/stm32l4xx_hal_dma.o
 .debug_frame   0x00000000000010e8      0x14c ./Drivers/STM32L4xx_HAL_Driver/Src/stm32l4xx_hal_gpio.o
 .debug_frame   0x0000000000001234      0xc38 ./Drivers/STM32L4xx_HAL_Driver/Src/stm32l4xx_hal_i2c.o
 .debug_frame   0x0000000000001e6c      0x100 ./Drivers/STM32L4xx_HAL_Driver/Src/stm32l4xx_hal_i2c_ex.o
 .debug_frame   0x0000000000001f6c      0x6a4 ./Drivers/STM32L4xx_HAL_Driver/Src/stm32l4xx_hal_ospi.o
 .debug_frame   0x0000000000002610      0x5c4 ./Drivers/STM32L4xx_HAL_Driver/Src/stm32l4xx_hal_pwr_ex.o
 .debug_frame   0x0000000000002bd4      0x248 ./Drivers/STM32L4xx_HAL_Driver/Src/stm32l4xx_hal_rcc.o
 .debug_frame   0x0000000000002e1c      0x464 ./Drivers/STM32L4xx_HAL_Driver/Src/stm32l4xx_hal_rcc_ex.o
 .debug_frame   0x0000000000003280     0x121c ./Drivers/STM32L4xx_HAL_Driver/Src/stm32l4xx_hal_tim.o
 .debug_frame   0x000000000000449c      0x6b0 ./Drivers/STM32L4xx_HAL_Driver/Src/stm32l4xx_hal_tim_ex.o
 .debug_frame   0x0000000000004b4c       0x6c ./Src/OLEDScreenDriver.o
 .debug_frame   0x0000000000004bb8       0x38 ./Src/fonts.o
 .debug_frame   0x0000000000004bf0       0x70 ./Src/keypadDriver.o
 .debug_frame   0x0000000000004c60      0x1a4 ./Src/main.o
 .debug_frame   0x0000000000004e04      0x414 ./Src/ssd1306.o
 .debug_frame   0x0000000000005218      0x160 ./Src/stm32l4xx_hal_msp.o
 .debug_frame   0x0000000000005378      0x174 ./Src/stm32l4xx_it.o
 .debug_frame   0x00000000000054ec       0x58 ./Src/system_stm32l4xx.o
 .debug_frame   0x0000000000005544       0x6c ./Src/testFunctionalities.o
 .debug_frame   0x00000000000055b0       0x20 ../Lib/libarm_cortexM4lf_math.a(arm_sin_f32.o)
 .debug_frame   0x00000000000055d0       0x2c /Applications/STM32CubeIDE.app/Contents/Eclipse/plugins/com.st.stm32cube.ide.mcu.externaltools.gnu-tools-for-stm32.10.3-2021.10.macos64_1.0.0.202111181127/tools/bin/../lib/gcc/arm-none-eabi/10.3.1/../../../../arm-none-eabi/lib/thumb/v7e-m+fp/hard/libc_nano.a(lib_a-init.o)
 .debug_frame   0x00000000000055fc       0x20 /Applications/STM32CubeIDE.app/Contents/Eclipse/plugins/com.st.stm32cube.ide.mcu.externaltools.gnu-tools-for-stm32.10.3-2021.10.macos64_1.0.0.202111181127/tools/bin/../lib/gcc/arm-none-eabi/10.3.1/../../../../arm-none-eabi/lib/thumb/v7e-m+fp/hard/libc_nano.a(lib_a-memset.o)

.debug_loc      0x0000000000000000       0xfa
 .debug_loc     0x0000000000000000       0xfa ../Lib/libarm_cortexM4lf_math.a(arm_sin_f32.o)
