../Src/../Components/hts221/hts221.c:65:6:HTS221_H_Init	24	static
../Src/../Components/hts221/hts221.c:91:9:HTS221_H_ReadID	24	static
../Src/../Components/hts221/hts221.c:108:7:HTS221_H_ReadHumidity	40	static
../Src/../Components/hts221/hts221.c:157:6:HTS221_T_Init	24	static
../Src/../Components/hts221/hts221.c:184:7:HTS221_T_ReadTemp	40	static
../Src/main.c:113:7:read_temperature	8	static
../Src/main.c:117:7:read_humidity	8	static
../Src/main.c:122:6:generate_ringtone	64	static
../Src/main.c:165:6:play_ringtone	16	static
../Src/main.c:170:6:clearBufferString	24	static
../Src/main.c:175:6:hardcopy_char	32	static
../Src/main.c:180:6:displayMainPageOne	8	static
../Src/main.c:187:6:displayMainPageTwo	8	static
../Src/main.c:194:6:displayMainPageThree	8	static
../Src/main.c:201:6:displayMainPageFour	8	static
../Src/main.c:208:6:displayMainPageFive	8	static
../Src/main.c:215:6:changePageMainPage	8	static
../Src/main.c:230:6:ExitToMain	8	static
../Src/main.c:236:6:split	40	static
../Src/main.c:247:5:RandomNumberGenerator	24	static
../Src/main.c:252:5:wifiOptionPage	192	dynamic
../Src/main.c:411:6:decodeGetMessage	32	static
../Src/main.c:416:6:encodeSendMessage	32	static
../Src/main.c:421:6:sendMessagePage	48	dynamic
../Src/main.c:458:6:getMessagePage	40	static
../Src/main.c:486:6:testSpeakerPage	8	static
../Src/main.c:499:6:getTemperaturePage	64	static
../Src/main.c:529:6:enterPageMainPage	8	static
../Src/main.c:544:6:UILogic	16	static
../Src/main.c:562:6:getMessageMain	24	static
../Src/main.c:578:6:testSend	16	static
../Src/main.c:601:6:testGet	16	static
../Src/main.c:621:5:main	8	static
../Src/main.c:697:6:SystemClock_Config	96	static
../Src/main.c:748:13:MX_DAC1_Init	48	static
../Src/main.c:792:13:MX_I2C1_Init	8	static
../Src/main.c:840:13:MX_I2C2_Init	8	static
../Src/main.c:888:13:MX_OCTOSPI1_Init	32	static
../Src/main.c:936:13:MX_SPI3_Init	8	static
../Src/main.c:976:13:MX_TIM2_Init	40	static
../Src/main.c:1021:13:MX_TIM3_Init	40	static
../Src/main.c:1066:13:MX_UART4_Init	8	static
../Src/main.c:1112:13:MX_DMA_Init	16	static
../Src/main.c:1131:13:MX_GPIO_Init	48	static
../Src/main.c:1209:6:Error_Handler	4	static,ignoring_inline_asm
