../Src/main.c:88:6:generate_ringtone	64	static
../Src/main.c:131:6:play_ringtone	16	static
../Src/main.c:135:6:displayMainPageOne	8	static
../Src/main.c:142:6:displayMainPageTwo	8	static
../Src/main.c:149:6:displayMainPageThree	8	static
../Src/main.c:156:6:displayMainPageFour	8	static
../Src/main.c:163:6:displayMainPageFive	8	static
../Src/main.c:170:6:changePageMainPage	8	static
../Src/main.c:185:6:ExitToMain	8	static
../Src/main.c:190:6:wifiOptionPage	8	static
../Src/main.c:201:6:sendMessagePage	8	static
../Src/main.c:212:6:getMessagePage	8	static
../Src/main.c:224:6:testSpeakerPage	8	static
../Src/main.c:237:6:getTemperaturePage	8	static
../Src/main.c:249:6:enterPageMainPage	8	static
../Src/main.c:272:5:main	16	static
../Src/main.c:352:6:SystemClock_Config	96	static
../Src/main.c:403:13:MX_DAC1_Init	48	static
../Src/main.c:447:13:MX_I2C1_Init	8	static
../Src/main.c:495:13:MX_OCTOSPI1_Init	32	static
../Src/main.c:543:13:MX_TIM2_Init	40	static
../Src/main.c:588:13:MX_TIM3_Init	40	static
../Src/main.c:631:13:MX_DMA_Init	16	static
../Src/main.c:650:13:MX_GPIO_Init	48	static
../Src/main.c:712:6:Error_Handler	4	static,ignoring_inline_asm
