../Src/main.c:85:6:generate_ringtone	64	static
../Src/main.c:128:6:play_ringtone	16	static
../Src/main.c:139:5:main	8	static
../Src/main.c:197:6:SystemClock_Config	96	static
../Src/main.c:248:13:MX_DAC1_Init	48	static
../Src/main.c:292:13:MX_I2C1_Init	8	static
../Src/main.c:340:13:MX_OCTOSPI1_Init	32	static
../Src/main.c:388:13:MX_TIM2_Init	40	static
../Src/main.c:433:13:MX_TIM3_Init	40	static
../Src/main.c:476:13:MX_DMA_Init	16	static
../Src/main.c:495:13:MX_GPIO_Init	48	static
../Src/main.c:569:6:Error_Handler	4	static,ignoring_inline_asm
