../Src/main.c:84:6:generate_ringtone_1_array	64	static
../Src/main.c:127:6:play_ringtone_1_array	16	static
../Src/main.c:131:6:generate_ringtone	64	static
../Src/main.c:162:6:play_ringtone	16	static
../Src/main.c:183:5:main	8	static
../Src/main.c:242:6:SystemClock_Config	96	static
../Src/main.c:293:13:MX_DAC1_Init	48	static
../Src/main.c:337:13:MX_I2C1_Init	8	static
../Src/main.c:385:13:MX_OCTOSPI1_Init	32	static
../Src/main.c:433:13:MX_TIM2_Init	40	static
../Src/main.c:478:13:MX_TIM3_Init	40	static
../Src/main.c:521:13:MX_DMA_Init	16	static
../Src/main.c:540:13:MX_GPIO_Init	48	static
../Src/main.c:602:6:Error_Handler	4	static,ignoring_inline_asm
