../Src/../Components/hts221/hts221.c:65:6:HTS221_H_Init	24	static
../Src/../Components/hts221/hts221.c:91:9:HTS221_H_ReadID	24	static
../Src/../Components/hts221/hts221.c:108:7:HTS221_H_ReadHumidity	40	static
../Src/../Components/hts221/hts221.c:157:6:HTS221_T_Init	24	static
../Src/../Components/hts221/hts221.c:184:7:HTS221_T_ReadTemp	40	static
../Src/main.c:101:7:read_temperature	8	static
../Src/main.c:105:7:read_humidity	8	static
../Src/main.c:110:6:generate_ringtone	56	static
../Src/main.c:146:6:play_ringtone	16	static
../Src/main.c:151:6:clearBufferString	24	static
../Src/main.c:156:6:hardcopy_char	32	static
../Src/main.c:161:6:displayMainPageOne	8	static
../Src/main.c:167:6:displayMainPageTwo	8	static
../Src/main.c:173:6:displayMainPageThree	8	static
../Src/main.c:179:6:displayMainPageFour	8	static
../Src/main.c:185:6:displayMainPageFive	8	static
../Src/main.c:191:6:changePageMainPage	8	static
../Src/main.c:205:6:ExitToMain	8	static
../Src/main.c:210:6:wifiOptionPage	8	static
../Src/main.c:224:6:sendMessagePage	48	dynamic
../Src/main.c:260:6:getMessagePage	40	static
../Src/main.c:298:6:testSpeakerPage	8	static
../Src/main.c:311:6:getTemperaturePage	64	static
../Src/main.c:340:6:enterPageMainPage	8	static
../Src/main.c:354:6:UILogic	16	static
../Src/main.c:372:6:testSend	16	static
../Src/main.c:393:6:testGet	16	static
../Src/main.c:412:5:main	80	static
../Src/main.c:509:6:SystemClock_Config	96	static
../Src/main.c:560:13:MX_DAC1_Init	48	static
../Src/main.c:604:13:MX_I2C1_Init	8	static
../Src/main.c:652:13:MX_I2C2_Init	8	static
../Src/main.c:700:13:MX_OCTOSPI1_Init	32	static
../Src/main.c:748:13:MX_SPI3_Init	8	static
../Src/main.c:788:13:MX_TIM2_Init	40	static
../Src/main.c:833:13:MX_TIM3_Init	40	static
../Src/main.c:878:13:MX_UART4_Init	8	static
../Src/main.c:924:13:MX_DMA_Init	16	static
../Src/main.c:943:13:MX_GPIO_Init	48	static
../Src/main.c:1024:6:StartScreenTask	16	static
../Src/main.c:1045:6:StartPollingTask	16	static
../Src/main.c:1067:6:HAL_TIM_PeriodElapsedCallback	16	static
../Src/main.c:1084:6:Error_Handler	4	static,ignoring_inline_asm
