../Src/../Components/hts221/hts221.c:65:6:HTS221_H_Init	24	static
../Src/../Components/hts221/hts221.c:91:9:HTS221_H_ReadID	24	static
../Src/../Components/hts221/hts221.c:108:7:HTS221_H_ReadHumidity	40	static
../Src/../Components/hts221/hts221.c:157:6:HTS221_T_Init	24	static
../Src/../Components/hts221/hts221.c:184:7:HTS221_T_ReadTemp	40	static
../Src/main.c:103:7:read_temperature	8	static
../Src/main.c:107:7:read_humidity	8	static
../Src/main.c:112:6:generate_ringtone	64	static
../Src/main.c:155:6:play_ringtone	16	static
../Src/main.c:160:6:clearBufferString	24	static
../Src/main.c:165:6:hardcopy_char	32	static
../Src/main.c:170:6:displayMainPageOne	8	static
../Src/main.c:177:6:displayMainPageTwo	8	static
../Src/main.c:184:6:displayMainPageThree	8	static
../Src/main.c:191:6:displayMainPageFour	8	static
../Src/main.c:198:6:displayMainPageFive	8	static
../Src/main.c:205:6:changePageMainPage	8	static
../Src/main.c:220:6:ExitToMain	8	static
../Src/main.c:225:6:wifiOptionPage	8	static
../Src/main.c:236:6:sendMessagePage	48	dynamic
../Src/main.c:271:6:getMessagePage	40	static
../Src/main.c:293:6:testSpeakerPage	8	static
../Src/main.c:306:6:getTemperaturePage	8	static
../Src/main.c:318:6:enterPageMainPage	8	static
../Src/main.c:333:6:UILogic	16	static
../Src/main.c:352:6:testSend	16	static
../Src/main.c:369:6:testGet	16	static
../Src/main.c:390:5:main	16	static
../Src/main.c:468:6:SystemClock_Config	96	static
../Src/main.c:519:13:MX_DAC1_Init	48	static
../Src/main.c:563:13:MX_I2C1_Init	8	static
../Src/main.c:611:13:MX_I2C2_Init	8	static
../Src/main.c:659:13:MX_OCTOSPI1_Init	32	static
../Src/main.c:707:13:MX_SPI3_Init	8	static
../Src/main.c:747:13:MX_TIM2_Init	40	static
../Src/main.c:792:13:MX_TIM3_Init	40	static
../Src/main.c:837:13:MX_UART4_Init	8	static
../Src/main.c:883:13:MX_DMA_Init	16	static
../Src/main.c:902:13:MX_GPIO_Init	48	static
../Src/main.c:980:6:Error_Handler	4	static,ignoring_inline_asm
