../Src/../Components/hts221/hts221.c:65:6:HTS221_H_Init	24	static
../Src/../Components/hts221/hts221.c:91:9:HTS221_H_ReadID	24	static
../Src/../Components/hts221/hts221.c:108:7:HTS221_H_ReadHumidity	40	static
../Src/../Components/hts221/hts221.c:157:6:HTS221_T_Init	24	static
../Src/../Components/hts221/hts221.c:184:7:HTS221_T_ReadTemp	40	static
../Src/main.c:117:7:read_temperature	8	static
../Src/main.c:121:7:read_humidity	8	static
../Src/main.c:126:6:generate_ringtone	64	static
../Src/main.c:169:6:play_ringtone	16	static
../Src/main.c:174:6:clearBufferString	24	static
../Src/main.c:179:6:hardcopy_char	32	static
../Src/main.c:184:6:displayMainPageOne	8	static
../Src/main.c:191:6:displayMainPageTwo	8	static
../Src/main.c:198:6:displayMainPageThree	8	static
../Src/main.c:205:6:displayMainPageFour	8	static
../Src/main.c:212:6:displayMainPageFive	8	static
../Src/main.c:219:6:changePageMainPage	8	static
../Src/main.c:234:6:ExitToMain	8	static
../Src/main.c:240:6:split	40	static
../Src/main.c:251:5:RandomNumberGenerator	24	static
../Src/main.c:256:5:wifiOptionPage	192	dynamic
../Src/main.c:423:6:decodeGetMessage	40	static
../Src/main.c:428:6:encodeSendMessage	64	static
../Src/main.c:440:6:sendMessagePage	160	dynamic
../Src/main.c:495:6:getMessagePage	160	static
../Src/main.c:523:6:testSpeakerPage	40	static
../Src/main.c:605:6:getTemperaturePage	64	static
../Src/main.c:637:6:enterPageMainPage	8	static
../Src/main.c:652:6:UILogic	16	static
../Src/main.c:669:5:getMessageMain	144	static
../Src/main.c:692:6:testSend	16	static
../Src/main.c:715:6:testGet	16	static
../Src/main.c:735:5:main	8	static
../Src/main.c:812:6:SystemClock_Config	96	static
../Src/main.c:863:13:MX_DAC1_Init	48	static
../Src/main.c:907:13:MX_I2C1_Init	8	static
../Src/main.c:955:13:MX_I2C2_Init	8	static
../Src/main.c:1003:13:MX_OCTOSPI1_Init	32	static
../Src/main.c:1051:13:MX_SPI3_Init	8	static
../Src/main.c:1091:13:MX_TIM2_Init	40	static
../Src/main.c:1136:13:MX_TIM3_Init	40	static
../Src/main.c:1181:13:MX_UART4_Init	8	static
../Src/main.c:1227:13:MX_DMA_Init	16	static
../Src/main.c:1246:13:MX_GPIO_Init	48	static
../Src/main.c:1324:6:Error_Handler	4	static,ignoring_inline_asm
