../Src/main.c:95:6:generate_ringtone	64	static
../Src/main.c:138:6:play_ringtone	16	static
../Src/main.c:142:6:clearBufferString	24	static
../Src/main.c:147:6:displayMainPageOne	8	static
../Src/main.c:154:6:displayMainPageTwo	8	static
../Src/main.c:161:6:displayMainPageThree	8	static
../Src/main.c:168:6:displayMainPageFour	8	static
../Src/main.c:175:6:displayMainPageFive	8	static
../Src/main.c:182:6:changePageMainPage	8	static
../Src/main.c:197:6:ExitToMain	8	static
../Src/main.c:202:6:wifiOptionPage	8	static
../Src/main.c:213:6:sendMessagePage	48	dynamic
../Src/main.c:247:6:getMessagePage	24	static
../Src/main.c:264:6:testSpeakerPage	8	static
../Src/main.c:277:6:getTemperaturePage	8	static
../Src/main.c:289:6:enterPageMainPage	8	static
../Src/main.c:304:6:UILogic	16	static
../Src/main.c:329:5:main	8	static
../Src/main.c:397:6:SystemClock_Config	96	static
../Src/main.c:448:13:MX_DAC1_Init	48	static
../Src/main.c:492:13:MX_I2C1_Init	8	static
../Src/main.c:540:13:MX_OCTOSPI1_Init	32	static
../Src/main.c:588:13:MX_SPI3_Init	8	static
../Src/main.c:628:13:MX_TIM2_Init	40	static
../Src/main.c:673:13:MX_TIM3_Init	40	static
../Src/main.c:718:13:MX_UART4_Init	8	static
../Src/main.c:764:13:MX_DMA_Init	16	static
../Src/main.c:783:13:MX_GPIO_Init	48	static
../Src/main.c:861:6:Error_Handler	4	static,ignoring_inline_asm
