../Src/main.c:89:6:generate_ringtone	64	static
../Src/main.c:132:6:play_ringtone	16	static
../Src/main.c:136:6:displayMainPageOne	8	static
../Src/main.c:143:6:displayMainPageTwo	8	static
../Src/main.c:150:6:displayMainPageThree	8	static
../Src/main.c:157:6:displayMainPageFour	8	static
../Src/main.c:164:6:displayMainPageFive	8	static
../Src/main.c:171:6:changePageMainPage	8	static
../Src/main.c:186:6:ExitToMain	8	static
../Src/main.c:191:6:wifiOptionPage	8	static
../Src/main.c:202:6:sendMessagePage	8	static
../Src/main.c:213:6:getMessagePage	8	static
../Src/main.c:225:6:testSpeakerPage	8	static
../Src/main.c:238:6:getTemperaturePage	8	static
../Src/main.c:250:6:enterPageMainPage	8	static
../Src/main.c:265:6:UILogic	16	static
../Src/main.c:290:5:main	8	static
../Src/main.c:356:6:SystemClock_Config	96	static
../Src/main.c:407:13:MX_DAC1_Init	48	static
../Src/main.c:451:13:MX_I2C1_Init	8	static
../Src/main.c:499:13:MX_OCTOSPI1_Init	32	static
../Src/main.c:547:13:MX_TIM2_Init	40	static
../Src/main.c:592:13:MX_TIM3_Init	40	static
../Src/main.c:635:13:MX_DMA_Init	16	static
../Src/main.c:654:13:MX_GPIO_Init	48	static
../Src/main.c:716:6:Error_Handler	4	static,ignoring_inline_asm
