../Src/../Components/hts221/hts221.c:65:6:HTS221_H_Init	24	static
../Src/../Components/hts221/hts221.c:91:9:HTS221_H_ReadID	24	static
../Src/../Components/hts221/hts221.c:108:7:HTS221_H_ReadHumidity	40	static
../Src/../Components/hts221/hts221.c:157:6:HTS221_T_Init	24	static
../Src/../Components/hts221/hts221.c:184:7:HTS221_T_ReadTemp	40	static
../Src/main.c:116:7:read_temperature	8	static
../Src/main.c:120:7:read_humidity	8	static
../Src/main.c:125:6:generate_ringtone	64	static
../Src/main.c:168:6:play_ringtone	16	static
../Src/main.c:173:6:clearBufferString	24	static
../Src/main.c:178:6:hardcopy_char	32	static
../Src/main.c:183:6:displayMainPageOne	8	static
../Src/main.c:190:6:displayMainPageTwo	8	static
../Src/main.c:197:6:displayMainPageThree	8	static
../Src/main.c:204:6:displayMainPageFour	8	static
../Src/main.c:211:6:displayMainPageFive	8	static
../Src/main.c:218:6:changePageMainPage	8	static
../Src/main.c:233:6:ExitToMain	8	static
../Src/main.c:239:6:split	40	static
../Src/main.c:250:5:RandomNumberGenerator	24	static
../Src/main.c:255:5:wifiOptionPage	192	dynamic
../Src/main.c:414:6:decodeGetMessage	32	static
../Src/main.c:419:6:encodeSendMessage	32	static
../Src/main.c:424:6:sendMessagePage	48	dynamic
../Src/main.c:461:6:getMessagePage	40	static
../Src/main.c:489:6:testSpeakerPage	16	static
../Src/main.c:523:6:getTemperaturePage	64	static
../Src/main.c:553:6:enterPageMainPage	8	static
../Src/main.c:568:6:UILogic	16	static
../Src/main.c:586:6:getMessageMain	24	static
../Src/main.c:602:6:testSend	16	static
../Src/main.c:625:6:testGet	16	static
../Src/main.c:645:5:main	8	static
../Src/main.c:721:6:SystemClock_Config	96	static
../Src/main.c:772:13:MX_DAC1_Init	48	static
../Src/main.c:816:13:MX_I2C1_Init	8	static
../Src/main.c:864:13:MX_I2C2_Init	8	static
../Src/main.c:912:13:MX_OCTOSPI1_Init	32	static
../Src/main.c:960:13:MX_SPI3_Init	8	static
../Src/main.c:1000:13:MX_TIM2_Init	40	static
../Src/main.c:1045:13:MX_TIM3_Init	40	static
../Src/main.c:1090:13:MX_UART4_Init	8	static
../Src/main.c:1136:13:MX_DMA_Init	16	static
../Src/main.c:1155:13:MX_GPIO_Init	48	static
../Src/main.c:1233:6:Error_Handler	4	static,ignoring_inline_asm
