../Src/main.c:95:6:generate_ringtone	64	static
../Src/main.c:138:6:play_ringtone	16	static
../Src/main.c:142:6:clearBufferString	24	static
../Src/main.c:147:6:hardcopy_char	32	static
../Src/main.c:152:6:displayMainPageOne	8	static
../Src/main.c:159:6:displayMainPageTwo	8	static
../Src/main.c:166:6:displayMainPageThree	8	static
../Src/main.c:173:6:displayMainPageFour	8	static
../Src/main.c:180:6:displayMainPageFive	8	static
../Src/main.c:187:6:changePageMainPage	8	static
../Src/main.c:202:6:ExitToMain	8	static
../Src/main.c:207:6:wifiOptionPage	8	static
../Src/main.c:218:6:sendMessagePage	48	dynamic
../Src/main.c:253:6:getMessagePage	40	static
../Src/main.c:275:6:testSpeakerPage	8	static
../Src/main.c:288:6:getTemperaturePage	8	static
../Src/main.c:300:6:enterPageMainPage	8	static
../Src/main.c:315:6:UILogic	16	static
../Src/main.c:334:6:testSend	16	static
../Src/main.c:354:6:testGet	16	static
../Src/main.c:375:5:main	8	static
../Src/main.c:446:6:SystemClock_Config	96	static
../Src/main.c:497:13:MX_DAC1_Init	48	static
../Src/main.c:541:13:MX_I2C1_Init	8	static
../Src/main.c:589:13:MX_OCTOSPI1_Init	32	static
../Src/main.c:637:13:MX_SPI3_Init	8	static
../Src/main.c:677:13:MX_TIM2_Init	40	static
../Src/main.c:722:13:MX_TIM3_Init	40	static
../Src/main.c:767:13:MX_UART4_Init	8	static
../Src/main.c:813:13:MX_DMA_Init	16	static
../Src/main.c:832:13:MX_GPIO_Init	48	static
../Src/main.c:910:6:Error_Handler	4	static,ignoring_inline_asm
