../Src/main.c:109:5:main	8	static
../Src/main.c:174:6:SystemClock_Config	96	static
../Src/main.c:225:13:MX_DAC1_Init	48	static
../Src/main.c:269:13:MX_I2C1_Init	8	static
../Src/main.c:317:13:MX_OCTOSPI1_Init	32	static
../Src/main.c:365:13:MX_SPI3_Init	8	static
../Src/main.c:404:13:MX_TIM2_Init	40	static
../Src/main.c:449:13:MX_TIM3_Init	40	static
../Src/main.c:494:13:MX_USART1_UART_Init	8	static
../Src/main.c:540:13:MX_DMA_Init	16	static
../Src/main.c:559:13:MX_GPIO_Init	48	static
../Src/main.c:635:12:wifi_start	16	static
../Src/main.c:671:5:wifi_connect	8	static
../Src/main.c:708:5:wifi_server	32	static
../Src/main.c:763:13:WebServerProcess	24	static
../Src/main.c:849:22:SendWebPage	96	static
../Src/main.c:892:6:HAL_GPIO_EXTI_Callback	16	static
../Src/main.c:915:6:Error_Handler	4	static,ignoring_inline_asm
