../Src/../Components/hts221/hts221.c:65:6:HTS221_H_Init	24	static
../Src/../Components/hts221/hts221.c:91:9:HTS221_H_ReadID	24	static
../Src/../Components/hts221/hts221.c:108:7:HTS221_H_ReadHumidity	40	static
../Src/../Components/hts221/hts221.c:157:6:HTS221_T_Init	24	static
../Src/../Components/hts221/hts221.c:184:7:HTS221_T_ReadTemp	40	static
../Src/main.c:113:7:read_temperature	8	static
../Src/main.c:117:7:read_humidity	8	static
../Src/main.c:122:6:generate_ringtone	64	static
../Src/main.c:165:6:play_ringtone	16	static
../Src/main.c:170:6:clearBufferString	24	static
../Src/main.c:175:6:hardcopy_char	32	static
../Src/main.c:180:6:displayMainPageOne	8	static
../Src/main.c:187:6:displayMainPageTwo	8	static
../Src/main.c:194:6:displayMainPageThree	8	static
../Src/main.c:201:6:displayMainPageFour	8	static
../Src/main.c:208:6:displayMainPageFive	8	static
../Src/main.c:215:6:changePageMainPage	8	static
../Src/main.c:230:6:ExitToMain	8	static
../Src/main.c:236:11:splitString	40	static
../Src/main.c:252:5:RandomNumberGenerator	24	static
../Src/main.c:257:6:wifiOptionPage	184	dynamic
../Src/main.c:405:6:sendMessagePage	48	dynamic
../Src/main.c:441:6:getMessagePage	40	static
../Src/main.c:469:6:testSpeakerPage	8	static
../Src/main.c:482:6:getTemperaturePage	64	static
../Src/main.c:512:6:enterPageMainPage	8	static
../Src/main.c:527:6:UILogic	16	static
../Src/main.c:546:6:testSend	16	static
../Src/main.c:569:6:testGet	16	static
../Src/main.c:589:5:main	16	static
../Src/main.c:669:6:SystemClock_Config	96	static
../Src/main.c:720:13:MX_DAC1_Init	48	static
../Src/main.c:764:13:MX_I2C1_Init	8	static
../Src/main.c:812:13:MX_I2C2_Init	8	static
../Src/main.c:860:13:MX_OCTOSPI1_Init	32	static
../Src/main.c:908:13:MX_SPI3_Init	8	static
../Src/main.c:948:13:MX_TIM2_Init	40	static
../Src/main.c:993:13:MX_TIM3_Init	40	static
../Src/main.c:1038:13:MX_UART4_Init	8	static
../Src/main.c:1084:13:MX_DMA_Init	16	static
../Src/main.c:1103:13:MX_GPIO_Init	48	static
../Src/main.c:1181:6:Error_Handler	4	static,ignoring_inline_asm
